Archive member included to satisfy reference by file (symbol)

lib/cuslibold_fw.a(demo.o)    (--whole-archive)
../../public_libs/lib/libzlib.a(adler32.c.obj)
                              (--whole-archive)
../../public_libs/lib/libzlib.a(compress.c.obj)
                              (--whole-archive)
../../public_libs/lib/libzlib.a(crc32.c.obj)
                              (--whole-archive)
../../public_libs/lib/libzlib.a(deflate.c.obj)
                              (--whole-archive)
../../public_libs/lib/libzlib.a(gzclose.c.obj)
                              (--whole-archive)
../../public_libs/lib/libzlib.a(gzlib.c.obj)
                              (--whole-archive)
../../public_libs/lib/libzlib.a(gzread.c.obj)
                              (--whole-archive)
../../public_libs/lib/libzlib.a(gzwrite.c.obj)
                              (--whole-archive)
../../public_libs/lib/libzlib.a(infback.c.obj)
                              (--whole-archive)
../../public_libs/lib/libzlib.a(inffast.c.obj)
                              (--whole-archive)
../../public_libs/lib/libzlib.a(inflate.c.obj)
                              (--whole-archive)
../../public_libs/lib/libzlib.a(inftrees.c.obj)
                              (--whole-archive)
../../public_libs/lib/libzlib.a(trees.c.obj)
                              (--whole-archive)
../../public_libs/lib/libzlib.a(uncompr.c.obj)
                              (--whole-archive)
../../public_libs/lib/libzlib.a(zutil.c.obj)
                              (--whole-archive)
../../public_libs/lib/libzlib.a(ioapi.c.obj)
                              (--whole-archive)
../../public_libs/lib/libzlib.a(miniunz.c.obj)
                              (--whole-archive)
../../public_libs/lib/libzlib.a(mztools.c.obj)
                              (--whole-archive)
../../public_libs/lib/libzlib.a(unzip.c.obj)
                              (--whole-archive)
../../public_libs/lib/libzlib.a(zip.c.obj)
                              (--whole-archive)
../../public_libs/lib/libcjson.a(cJSON.c.obj)
                              (--whole-archive)
../../sc_lib/A7682S_LNXV_1602_V801_OPENSDK_REPLICANT_ENORLFSV2_CUSAUDIO/lib/libsc_lib.a(api_map.c.obj)
                              (--whole-archive)
../../sc_lib/A7682S_LNXV_1602_V801_OPENSDK_REPLICANT_ENORLFSV2_CUSAUDIO/lib/libsc_lib.a(simcom_tcpip_old.c.obj)
                              (--whole-archive)
lib/libsc_demo.a(onenet_base64.c.obj)
                              (--whole-archive)
lib/libsc_demo.a(onenet_hmac_sha1.c.obj)
                              (--whole-archive)
lib/libsc_demo.a(onenet_md5.c.obj)
                              (--whole-archive)
lib/libsc_demo.a(token.c.obj)
                              (--whole-archive)
lib/libsc_demo.a(core_auth.c.obj)
                              (--whole-archive)
lib/libsc_demo.a(core_sha256.c.obj)
                              (--whole-archive)
lib/libsc_demo.a(core_string.c.obj)
                              (--whole-archive)
lib/libsc_demo.a(simcom_demo.c.obj)
                              (--whole-archive)
lib/libsc_demo.a(demo_helloworld.c.obj)
                              (--whole-archive)
lib/libsc_demo.a(uart_api.c.obj)
                              (--whole-archive)
lib/libsc_demo.a(cus_urc.c.obj)
                              (--whole-archive)
lib/libsc_demo.a(cus_usb_vcom.c.obj)
                              (--whole-archive)
lib/libsc_demo.a(demo_wtd.c.obj)
                              (--whole-archive)
lib/libsc_demo.a(demo_pm.c.obj)
                              (--whole-archive)
lib/libsc_demo.a(demo_gpio.c.obj)
                              (--whole-archive)
lib/libsc_demo.a(demo_pwm.c.obj)
                              (--whole-archive)
lib/libsc_demo.a(demo_uart.c.obj)
                              (--whole-archive)
lib/libsc_demo.a(demo_i2c.c.obj)
                              (--whole-archive)
lib/libsc_demo.a(demo_spi.c.obj)
                              (--whole-archive)
lib/libsc_demo.a(demo_flash.c.obj)
                              (--whole-archive)
lib/libsc_demo.a(demo_fota.c.obj)
                              (--whole-archive)
lib/libsc_demo.a(demo_cam.c.obj)
                              (--whole-archive)
lib/libsc_demo.a(demo_system.c.obj)
                              (--whole-archive)
lib/libsc_demo.a(demo_network.c.obj)
                              (--whole-archive)
lib/libsc_demo.a(demo_txrx_power.c.obj)
                              (--whole-archive)
lib/libsc_demo.a(demo_simcard.c.obj)
                              (--whole-archive)
lib/libsc_demo.a(demo_ssl.c.obj)
                              (--whole-archive)
lib/libsc_demo.a(demo_ssl_test.c.obj)
                              (--whole-archive)
lib/libsc_demo.a(demo_tcpip.c.obj)
                              (--whole-archive)
lib/libsc_demo.a(demo_https.c.obj)
                              (--whole-archive)
lib/libsc_demo.a(demo_mqtt.c.obj)
                              (--whole-archive)
[...]
Memory Configuration

Name             Origin             Length             Attributes
ram              0x7e052000         0x0008e000         rw
*default*        0x00000000         0xffffffff

Linker script and memory map

                0x7e052000                . = 0x7e052000

.userSpaceRegTable
                0x7e052000       0x1c
                [!provide]                PROVIDE (__userSpaceRegTable_start__ = .)
 *(.userSpaceRegTable)
 .userSpaceRegTable
                0x7e052000       0x1c CMakeFiles/userspace.dir/sc_application.c.obj
                0x7e052000                userSpaceEntry
                [!provide]                PROVIDE (__userSpaceRegTable_end__ = .)

.text           0x7e052020      0xf30
 *(.text)
 .text          0x7e052020       0xec C:/Users/USER/Downloads/SIMCOM_SDK_SET/tools/win32/cross_tool/gcc-arm-none-eabi/arm-none-eabi/lib/thumb/v7/nofp/libc.a(lib_a-memcpy.o)
                0x7e052020                memcpy
 *fill*         0x7e05210c        0x4 
 .text          0x7e052110      0x278 C:/Users/USER/Downloads/SIMCOM_SDK_SET/tools/win32/cross_tool/gcc-arm-none-eabi/lib/gcc/arm-none-eabi/9.2.1/thumb/v7/nofp/libgcc.a(_udivsi3.o)
                0x7e052110                __aeabi_uidiv
                0x7e052110                __udivsi3
                0x7e05236c                __aeabi_uidivmod
 .text          0x7e052388        0x4 C:/Users/USER/Downloads/SIMCOM_SDK_SET/tools/win32/cross_tool/gcc-arm-none-eabi/lib/gcc/arm-none-eabi/9.2.1/thumb/v7/nofp/libgcc.a(_dvmd_tls.o)
                0x7e052388                __aeabi_idiv0
                0x7e052388                __aeabi_ldiv0
 .text          0x7e05238c      0x378 C:/Users/USER/Downloads/SIMCOM_SDK_SET/tools/win32/cross_tool/gcc-arm-none-eabi/lib/gcc/arm-none-eabi/9.2.1/thumb/v7/nofp/libgcc.a(_arm_addsubdf3.o)
                0x7e05238c                __aeabi_drsub
                0x7e052394                __aeabi_dsub
                0x7e052394                __subdf3
                0x7e052398                __aeabi_dadd
                0x7e052398                __adddf3
                0x7e052610                __floatunsidf
                0x7e052610                __aeabi_ui2d
                0x7e052630                __floatsidf
                0x7e052630                __aeabi_i2d
                0x7e052654                __aeabi_f2d
                0x7e052654                __extendsfdf2
                0x7e052698                __floatundidf
                0x7e052698                __aeabi_ul2d
                0x7e0526a8                __floatdidf
                0x7e0526a8                __aeabi_l2d
 .text          0x7e052704      0x424 C:/Users/USER/Downloads/SIMCOM_SDK_SET/tools/win32/cross_tool/gcc-arm-none-eabi/lib/gcc/arm-none-eabi/9.2.1/thumb/v7/nofp/libgcc.a(_arm_muldivdf3.o)
                0x7e052704                __aeabi_dmul
                0x7e052704                __muldf3
                0x7e052958                __divdf3
                0x7e052958                __aeabi_ddiv
 .text          0x7e052b28      0x110 C:/Users/USER/Downloads/SIMCOM_SDK_SET/tools/win32/cross_tool/gcc-arm-none-eabi/lib/gcc/arm-none-eabi/9.2.1/thumb/v7/nofp/libgcc.a(_arm_cmpdf2.o)
                0x7e052b28                __gtdf2
                0x7e052b28                __gedf2
                0x7e052b30                __ltdf2
                0x7e052b30                __ledf2
                0x7e052b38                __nedf2
                0x7e052b38                __eqdf2
                0x7e052b38                __cmpdf2
                0x7e052bb4                __aeabi_cdrcmple
                0x7e052bc4                __aeabi_cdcmpeq
                0x7e052bc4                __aeabi_cdcmple
                0x7e052bd4                __aeabi_dcmpeq
                0x7e052be8                __aeabi_dcmplt
                0x7e052bfc                __aeabi_dcmple
                0x7e052c10                __aeabi_dcmpge
                0x7e052c24                __aeabi_dcmpgt
 .text          0x7e052c38       0x2c C:/Users/USER/Downloads/SIMCOM_SDK_SET/tools/win32/cross_tool/gcc-arm-none-eabi/lib/gcc/arm-none-eabi/9.2.1/thumb/v7/nofp/libgcc.a(_arm_unorddf2.o)
                0x7e052c38                __unorddf2
                0x7e052c38                __aeabi_dcmpun
 .text          0x7e052c64       0x50 C:/Users/USER/Downloads/SIMCOM_SDK_SET/tools/win32/cross_tool/gcc-arm-none-eabi/lib/gcc/arm-none-eabi/9.2.1/thumb/v7/nofp/libgcc.a(_arm_fixdfsi.o)
                0x7e052c64                __aeabi_d2iz
                0x7e052c64                __fixdfsi
 .text          0x7e052cb4       0x40 C:/Users/USER/Downloads/SIMCOM_SDK_SET/tools/win32/cross_tool/gcc-arm-none-eabi/lib/gcc/arm-none-eabi/9.2.1/thumb/v7/nofp/libgcc.a(_arm_fixunsdfsi.o)
                0x7e052cb4                __aeabi_d2uiz
                0x7e052cb4                __fixunsdfsi
 .text          0x7e052cf4       0xa0 C:/Users/USER/Downloads/SIMCOM_SDK_SET/tools/win32/cross_tool/gcc-arm-none-eabi/lib/gcc/arm-none-eabi/9.2.1/thumb/v7/nofp/libgcc.a(_arm_truncdfsf2.o)
                0x7e052cf4                __truncdfsf2
                0x7e052cf4                __aeabi_d2f
 .text          0x7e052d94       0x30 C:/Users/USER/Downloads/SIMCOM_SDK_SET/tools/win32/cross_tool/gcc-arm-none-eabi/lib/gcc/arm-none-eabi/9.2.1/thumb/v7/nofp/libgcc.a(_aeabi_uldivmod.o)
                0x7e052d94                __aeabi_uldivmod
 .text          0x7e052dc4       0x34 C:/Users/USER/Downloads/SIMCOM_SDK_SET/tools/win32/cross_tool/gcc-arm-none-eabi/lib/gcc/arm-none-eabi/9.2.1/thumb/v7/nofp/libgcc.a(_fixdfdi.o)
                0x7e052dc4                __fixdfdi
                0x7e052dc4                __aeabi_d2lz
 .text          0x7e052df8       0x3c C:/Users/USER/Downloads/SIMCOM_SDK_SET/tools/win32/cross_tool/gcc-arm-none-eabi/lib/gcc/arm-none-eabi/9.2.1/thumb/v7/nofp/libgcc.a(_fixunsdfdi.o)
                0x7e052df8                __fixunsdfdi
                0x7e052df8                __aeabi_d2ulz
 .text          0x7e052e34      0x11c C:/Users/USER/Downloads/SIMCOM_SDK_SET/tools/win32/cross_tool/gcc-arm-none-eabi/lib/gcc/arm-none-eabi/9.2.1/thumb/v7/nofp/libgcc.a(_udivmoddi4.o)
                0x7e052e34                __udivmoddi4

.glue_7         0x7e052f50        0x0
 .glue_7        0x7e052f50        0x0 linker stubs

.glue_7t        0x7e052f50        0x0
 .glue_7t       0x7e052f50        0x0 linker stubs

.vfp11_veneer   0x7e052f50        0x0
 .vfp11_veneer  0x7e052f50        0x0 linker stubs

.v4_bx          0x7e052f50        0x0
 .v4_bx         0x7e052f50        0x0 linker stubs

.text.adler32_z
                0x7e052f50      0x226
 .text.adler32_z
                0x7e052f50      0x226 ../../public_libs/lib/libzlib.a(adler32.c.obj)
                0x7e052f50                adler32_z

.text.adler32   0x7e053178        0x8
 .text.adler32  0x7e053178        0x8 ../../public_libs/lib/libzlib.a(adler32.c.obj)
                0x7e053178                adler32

.iplt           0x7e053180        0x0
 .iplt          0x7e053180        0x0 ../../public_libs/lib/libzlib.a(adler32.c.obj)

.text.crc_word  0x7e053180       0x18
 .text.crc_word
                0x7e053180       0x18 ../../public_libs/lib/libzlib.a(crc32.c.obj)

.text.get_crc_table
                0x7e053198        0x8
 .text.get_crc_table
                0x7e053198        0x8 ../../public_libs/lib/libzlib.a(crc32.c.obj)
                0x7e053198                get_crc_table

.text.crc32_z   0x7e0531a0      0x21c
 .text.crc32_z  0x7e0531a0      0x21c ../../public_libs/lib/libzlib.a(crc32.c.obj)
                0x7e0531a0                crc32_z

.text.crc32     0x7e0533bc        0x8
 .text.crc32    0x7e0533bc        0x8 ../../public_libs/lib/libzlib.a(crc32.c.obj)
                0x7e0533bc                crc32

.text.slide_hash
                0x7e0533c4       0x3e
 .text.slide_hash
                0x7e0533c4       0x3e ../../public_libs/lib/libzlib.a(deflate.c.obj)

.text.putShortMSB
                0x7e053402       0x1a
 .text.putShortMSB
                0x7e053402       0x1a ../../public_libs/lib/libzlib.a(deflate.c.obj)

.text.longest_match
                0x7e05341c      0x152
 .text.longest_match
                0x7e05341c      0x152 ../../public_libs/lib/libzlib.a(deflate.c.obj)

.text.read_buf  0x7e053570       0x5c
 .text.read_buf
                0x7e053570       0x5c ../../public_libs/lib/libzlib.a(deflate.c.obj)

.text.fill_window
                0x7e0535cc      0x164
 .text.fill_window
                0x7e0535cc      0x164 ../../public_libs/lib/libzlib.a(deflate.c.obj)

.text.flush_pending
                0x7e053730       0x50
 .text.flush_pending
                0x7e053730       0x50 ../../public_libs/lib/libzlib.a(deflate.c.obj)

.text.deflate_slow
                0x7e053780      0x378
 .text.deflate_slow
                0x7e053780      0x378 ../../public_libs/lib/libzlib.a(deflate.c.obj)

.text.deflate_fast
                0x7e053af8      0x2bc
 .text.deflate_fast
                0x7e053af8      0x2bc ../../public_libs/lib/libzlib.a(deflate.c.obj)

.text.deflate_stored
                0x7e053db4      0x32c
 .text.deflate_stored
                0x7e053db4      0x32c ../../public_libs/lib/libzlib.a(deflate.c.obj)

.text.deflateStateCheck
                0x7e0540e0       0x58
 .text.deflateStateCheck
                0x7e0540e0       0x58 ../../public_libs/lib/libzlib.a(deflate.c.obj)

.text.deflateResetKeep
                0x7e054138       0x6c
 .text.deflateResetKeep
                0x7e054138       0x6c ../../public_libs/lib/libzlib.a(deflate.c.obj)
                0x7e054138                deflateResetKeep

.text.deflateReset
                0x7e0541a4       0x78
 .text.deflateReset
                0x7e0541a4       0x78 ../../public_libs/lib/libzlib.a(deflate.c.obj)
                0x7e0541a4                deflateReset

.text.deflate   0x7e05421c      0x9f4
 .text.deflate  0x7e05421c      0x9f4 ../../public_libs/lib/libzlib.a(deflate.c.obj)
                0x7e05421c                deflate

.text.deflateEnd
                0x7e054c10       0x60
 .text.deflateEnd
                0x7e054c10       0x60 ../../public_libs/lib/libzlib.a(deflate.c.obj)
                0x7e054c10                deflateEnd

.text.deflateInit2_
                0x7e054c70      0x198
 .text.deflateInit2_
                0x7e054c70      0x198 ../../public_libs/lib/libzlib.a(deflate.c.obj)
                0x7e054c70                deflateInit2_

.text.inflate_fast
                0x7e054e08      0x358
 .text.inflate_fast
                0x7e054e08      0x358 ../../public_libs/lib/libzlib.a(inffast.c.obj)
                0x7e054e08                inflate_fast

.text.updatewindow
                0x7e055160       0xa4
 .text.updatewindow
                0x7e055160       0xa4 ../../public_libs/lib/libzlib.a(inflate.c.obj)

.text.inflateStateCheck
                0x7e055204       0x2c
 .text.inflateStateCheck
                0x7e055204       0x2c ../../public_libs/lib/libzlib.a(inflate.c.obj)

.text.inflateResetKeep
                0x7e055230       0x60
 .text.inflateResetKeep
                0x7e055230       0x60 ../../public_libs/lib/libzlib.a(inflate.c.obj)
                0x7e055230                inflateResetKeep

.text.inflateReset
                0x7e055290       0x2c
 .text.inflateReset
                0x7e055290       0x2c ../../public_libs/lib/libzlib.a(inflate.c.obj)
                0x7e055290                inflateReset

.text.inflateReset2
                0x7e0552bc       0x64
 .text.inflateReset2
                0x7e0552bc       0x64 ../../public_libs/lib/libzlib.a(inflate.c.obj)
                0x7e0552bc                inflateReset2

.text.inflateInit2_
                0x7e055320       0x84
 .text.inflateInit2_
                0x7e055320       0x84 ../../public_libs/lib/libzlib.a(inflate.c.obj)
                0x7e055320                inflateInit2_

.text.inflate   0x7e0553a4      0xecc
 .text.inflate  0x7e0553a4      0xecc ../../public_libs/lib/libzlib.a(inflate.c.obj)
                0x7e0553a4                inflate

.text.inflateEnd
                0x7e056270       0x34
 .text.inflateEnd
                0x7e056270       0x34 ../../public_libs/lib/libzlib.a(inflate.c.obj)
                0x7e056270                inflateEnd

.text.inflate_table
                0x7e0562a4      0x304
 .text.inflate_table
                0x7e0562a4      0x304 ../../public_libs/lib/libzlib.a(inftrees.c.obj)
                0x7e0562a4                inflate_table

.text.init_block
                0x7e0565a8       0x58
 .text.init_block
                0x7e0565a8       0x58 ../../public_libs/lib/libzlib.a(trees.c.obj)

.text.pqdownheap
                0x7e056600       0x96
 .text.pqdownheap
                0x7e056600       0x96 ../../public_libs/lib/libzlib.a(trees.c.obj)

.text.scan_tree
                0x7e056696       0xc0
 .text.scan_tree
                0x7e056696       0xc0 ../../public_libs/lib/libzlib.a(trees.c.obj)

.text.send_tree
                0x7e056756      0x370
 .text.send_tree
                0x7e056756      0x370 ../../public_libs/lib/libzlib.a(trees.c.obj)

.text.compress_block
                0x7e056ac8      0x310
 .text.compress_block
                0x7e056ac8      0x310 ../../public_libs/lib/libzlib.a(trees.c.obj)

.text.build_tree
                0x7e056dd8      0x37c
 .text.build_tree
                0x7e056dd8      0x37c ../../public_libs/lib/libzlib.a(trees.c.obj)

.text.bi_windup
                0x7e057154       0x4c
 .text.bi_windup
                0x7e057154       0x4c ../../public_libs/lib/libzlib.a(trees.c.obj)

.text.bi_flush  0x7e0571a0       0x54
 .text.bi_flush
                0x7e0571a0       0x54 ../../public_libs/lib/libzlib.a(trees.c.obj)

.text._tr_init  0x7e0571f4       0x4c
 .text._tr_init
                0x7e0571f4       0x4c ../../public_libs/lib/libzlib.a(trees.c.obj)
                0x7e0571f4                _tr_init

.text._tr_stored_block
                0x7e057240       0xc0
 .text._tr_stored_block
                0x7e057240       0xc0 ../../public_libs/lib/libzlib.a(trees.c.obj)
                0x7e057240                _tr_stored_block

.text._tr_flush_bits
                0x7e057300        0x8
 .text._tr_flush_bits
                0x7e057300        0x8 ../../public_libs/lib/libzlib.a(trees.c.obj)
                0x7e057300                _tr_flush_bits

.text._tr_align
                0x7e057308       0x8c
 .text._tr_align
                0x7e057308       0x8c ../../public_libs/lib/libzlib.a(trees.c.obj)
                0x7e057308                _tr_align

.text._tr_flush_block
                0x7e057394      0x41c
 .text._tr_flush_block
                0x7e057394      0x41c ../../public_libs/lib/libzlib.a(trees.c.obj)
                0x7e057394                _tr_flush_block

.text.zcalloc   0x7e0577b0        0xc
 .text.zcalloc  0x7e0577b0        0xc ../../public_libs/lib/libzlib.a(zutil.c.obj)
                0x7e0577b0                zcalloc

.text.zcfree    0x7e0577bc        0xc
 .text.zcfree   0x7e0577bc        0xc ../../public_libs/lib/libzlib.a(zutil.c.obj)
                0x7e0577bc                zcfree

.text.ferror_file_func
                0x7e0577c8       0x14
 .text.ferror_file_func
                0x7e0577c8       0x14 ../../public_libs/lib/libzlib.a(ioapi.c.obj)

.text.fclose_file_func
                0x7e0577dc       0x20
 .text.fclose_file_func
                0x7e0577dc       0x20 ../../public_libs/lib/libzlib.a(ioapi.c.obj)

.text.fwrite_file_func
                0x7e0577fc       0x2c
 .text.fwrite_file_func
                0x7e0577fc       0x2c ../../public_libs/lib/libzlib.a(ioapi.c.obj)

.text.fread_file_func
                0x7e057828       0x18
 .text.fread_file_func
                0x7e057828       0x18 ../../public_libs/lib/libzlib.a(ioapi.c.obj)

.text.zip_fopen
                0x7e057840       0x34
 .text.zip_fopen
                0x7e057840       0x34 ../../public_libs/lib/libzlib.a(ioapi.c.obj)
                0x7e057840                zip_fopen

.text.fopen64_file_func
                0x7e057874       0x38
 .text.fopen64_file_func
                0x7e057874       0x38 ../../public_libs/lib/libzlib.a(ioapi.c.obj)

.text.zip_ftell
                0x7e0578ac       0x24
 .text.zip_ftell
                0x7e0578ac       0x24 ../../public_libs/lib/libzlib.a(ioapi.c.obj)
                0x7e0578ac                zip_ftell

.text.ftell64_file_func
                0x7e0578d0       0x10
 .text.ftell64_file_func
                0x7e0578d0       0x10 ../../public_libs/lib/libzlib.a(ioapi.c.obj)

.text.zip_fseek
                0x7e0578e0       0x30
 .text.zip_fseek
                0x7e0578e0       0x30 ../../public_libs/lib/libzlib.a(ioapi.c.obj)
                0x7e0578e0                zip_fseek

.text.fseek64_file_func
                0x7e057910       0x24
 .text.fseek64_file_func
                0x7e057910       0x24 ../../public_libs/lib/libzlib.a(ioapi.c.obj)

.text.call_zopen64
                0x7e057934       0x14
 .text.call_zopen64
                0x7e057934       0x14 ../../public_libs/lib/libzlib.a(ioapi.c.obj)
                0x7e057934                call_zopen64

.text.call_zseek64
                0x7e057948       0x36
 .text.call_zseek64
                0x7e057948       0x36 ../../public_libs/lib/libzlib.a(ioapi.c.obj)
                0x7e057948                call_zseek64

.text.call_ztell64
                0x7e05797e       0x22
 .text.call_ztell64
                0x7e05797e       0x22 ../../public_libs/lib/libzlib.a(ioapi.c.obj)
                0x7e05797e                call_ztell64

.text.fill_fopen64_filefunc
                0x7e0579a0       0x40
 .text.fill_fopen64_filefunc
                0x7e0579a0       0x40 ../../public_libs/lib/libzlib.a(ioapi.c.obj)
                0x7e0579a0                fill_fopen64_filefunc

.text.mymkdir   0x7e0579e0       0x30
 .text.mymkdir  0x7e0579e0       0x30 ../../public_libs/lib/libzlib.a(miniunz.c.obj)

.text.do_extract_currentfile
                0x7e057a10      0x2c4
 .text.do_extract_currentfile
                0x7e057a10      0x2c4 ../../public_libs/lib/libzlib.a(miniunz.c.obj)
                0x7e057a10                do_extract_currentfile

.text.do_open   0x7e057cd4       0x5c
 .text.do_open  0x7e057cd4       0x5c ../../public_libs/lib/libzlib.a(miniunz.c.obj)
                0x7e057cd4                do_open

.text.do_close  0x7e057d30       0x28
 .text.do_close
                0x7e057d30       0x28 ../../public_libs/lib/libzlib.a(miniunz.c.obj)
                0x7e057d30                do_close

.text.do_extract
                0x7e057d58       0xa0
 .text.do_extract
                0x7e057d58       0xa0 ../../public_libs/lib/libzlib.a(miniunz.c.obj)
                0x7e057d58                do_extract

.text.unz64local_getByte
                0x7e057df8       0x36
 .text.unz64local_getByte
                0x7e057df8       0x36 ../../public_libs/lib/libzlib.a(unzip.c.obj)

.text.unz64local_getShort
                0x7e057e30       0x3c
 .text.unz64local_getShort
                0x7e057e30       0x3c ../../public_libs/lib/libzlib.a(unzip.c.obj)

.text.unz64local_getLong
                0x7e057e6c       0x64
 .text.unz64local_getLong
                0x7e057e6c       0x64 ../../public_libs/lib/libzlib.a(unzip.c.obj)

.text.unz64local_getLong64
                0x7e057ed0       0xd4
 .text.unz64local_getLong64
                0x7e057ed0       0xd4 ../../public_libs/lib/libzlib.a(unzip.c.obj)

.text.unz64local_GetCurrentFileInfoInternal
                0x7e057fa4      0x3d4
 .text.unz64local_GetCurrentFileInfoInternal
                0x7e057fa4      0x3d4 ../../public_libs/lib/libzlib.a(unzip.c.obj)

.text.unzGetGlobalInfo64
                0x7e058378       0x18
 .text.unzGetGlobalInfo64
                0x7e058378       0x18 ../../public_libs/lib/libzlib.a(unzip.c.obj)
                0x7e058378                unzGetGlobalInfo64

.text.unzGetCurrentFileInfo64
                0x7e058390       0x28
 .text.unzGetCurrentFileInfo64
                0x7e058390       0x28 ../../public_libs/lib/libzlib.a(unzip.c.obj)
                0x7e058390                unzGetCurrentFileInfo64

.text.unzGoToFirstFile
                0x7e0583b8       0x4c
 .text.unzGoToFirstFile
                0x7e0583b8       0x4c ../../public_libs/lib/libzlib.a(unzip.c.obj)
                0x7e0583b8                unzGoToFirstFile

.text.unzOpenInternal
                0x7e058404      0x5a4
 .text.unzOpenInternal
                0x7e058404      0x5a4 ../../public_libs/lib/libzlib.a(unzip.c.obj)

.text.unzOpen64
                0x7e0589a8        0xc
 .text.unzOpen64
                0x7e0589a8        0xc ../../public_libs/lib/libzlib.a(unzip.c.obj)
                0x7e0589a8                unzOpen64

.text.unzGoToNextFile
                0x7e0589b4       0x94
 .text.unzGoToNextFile
                0x7e0589b4       0x94 ../../public_libs/lib/libzlib.a(unzip.c.obj)
                0x7e0589b4                unzGoToNextFile

.text.unzReadCurrentFile
                0x7e058a48      0x21c
 .text.unzReadCurrentFile
                0x7e058a48      0x21c ../../public_libs/lib/libzlib.a(unzip.c.obj)
                0x7e058a48                unzReadCurrentFile

.text.unzCloseCurrentFile
                0x7e058c64       0x68
 .text.unzCloseCurrentFile
                0x7e058c64       0x68 ../../public_libs/lib/libzlib.a(unzip.c.obj)
                0x7e058c64                unzCloseCurrentFile

.text.unzClose  0x7e058ccc       0x30
 .text.unzClose
                0x7e058ccc       0x30 ../../public_libs/lib/libzlib.a(unzip.c.obj)
                0x7e058ccc                unzClose

.text.unzOpenCurrentFile3
                0x7e058cfc      0x340
 .text.unzOpenCurrentFile3
                0x7e058cfc      0x340 ../../public_libs/lib/libzlib.a(unzip.c.obj)
                0x7e058cfc                unzOpenCurrentFile3

.text.unzOpenCurrentFilePassword
                0x7e05903c       0x18
 .text.unzOpenCurrentFilePassword
                0x7e05903c       0x18 ../../public_libs/lib/libzlib.a(unzip.c.obj)
                0x7e05903c                unzOpenCurrentFilePassword

.text.update_keys
                0x7e059054       0x3c
 .text.update_keys
                0x7e059054       0x3c ../../public_libs/lib/libzlib.a(zip.c.obj)

.text.zip64local_putValue
                0x7e059090       0x5c
 .text.zip64local_putValue
                0x7e059090       0x5c ../../public_libs/lib/libzlib.a(zip.c.obj)

.text.zip64local_getByte
                0x7e0590ec       0x36
 .text.zip64local_getByte
                0x7e0590ec       0x36 ../../public_libs/lib/libzlib.a(zip.c.obj)

.text.zip64local_getShort
                0x7e059124       0x3c
 .text.zip64local_getShort
                0x7e059124       0x3c ../../public_libs/lib/libzlib.a(zip.c.obj)

.text.zip64local_getLong
                0x7e059160       0x5c
 .text.zip64local_getLong
                0x7e059160       0x5c ../../public_libs/lib/libzlib.a(zip.c.obj)

.text.zip64local_getLong64
                0x7e0591bc      0x104
 .text.zip64local_getLong64
                0x7e0591bc      0x104 ../../public_libs/lib/libzlib.a(zip.c.obj)

.text.allocate_new_datablock
                0x7e0592c0       0x20
 .text.allocate_new_datablock
                0x7e0592c0       0x20 ../../public_libs/lib/libzlib.a(zip.c.obj)

.text.add_data_in_datablock
                0x7e0592e0       0x70
 .text.add_data_in_datablock
                0x7e0592e0       0x70 ../../public_libs/lib/libzlib.a(zip.c.obj)

.text.decrypt_byte.isra.0
                0x7e059350       0x12
 .text.decrypt_byte.isra.0
                0x7e059350       0x12 ../../public_libs/lib/libzlib.a(zip.c.obj)

.text.zip64FlushWriteBuffer
                0x7e059364       0x98
 .text.zip64FlushWriteBuffer
                0x7e059364       0x98 ../../public_libs/lib/libzlib.a(zip.c.obj)

.text.zip64local_putValue_inmemory
                0x7e0593fc       0x34
 .text.zip64local_putValue_inmemory
                0x7e0593fc       0x34 ../../public_libs/lib/libzlib.a(zip.c.obj)

.text.zipOpen3  0x7e059430      0x770
 .text.zipOpen3
                0x7e059430      0x770 ../../public_libs/lib/libzlib.a(zip.c.obj)
                0x7e059430                zipOpen3

.text.zipOpen   0x7e059ba0       0x14
 .text.zipOpen  0x7e059ba0       0x14 ../../public_libs/lib/libzlib.a(zip.c.obj)
                0x7e059ba0                zipOpen

.text.zipWriteInFileInZip
                0x7e059bb4       0xd0
 .text.zipWriteInFileInZip
                0x7e059bb4       0xd0 ../../public_libs/lib/libzlib.a(zip.c.obj)
                0x7e059bb4                zipWriteInFileInZip

.text.zipCloseFileInZipRaw64
                0x7e059c84      0x3dc
 .text.zipCloseFileInZipRaw64
                0x7e059c84      0x3dc ../../public_libs/lib/libzlib.a(zip.c.obj)
                0x7e059c84                zipCloseFileInZipRaw64

.text.zipCloseFileInZipRaw
                0x7e05a060       0x18
 .text.zipCloseFileInZipRaw
                0x7e05a060       0x18 ../../public_libs/lib/libzlib.a(zip.c.obj)
                0x7e05a060                zipCloseFileInZipRaw

.text.zipCloseFileInZip
                0x7e05a078        0xc
 .text.zipCloseFileInZip
                0x7e05a078        0xc ../../public_libs/lib/libzlib.a(zip.c.obj)
                0x7e05a078                zipCloseFileInZip

.text.zipOpenNewFileInZip4_64
                0x7e05a088      0x728
 .text.zipOpenNewFileInZip4_64
                0x7e05a088      0x728 ../../public_libs/lib/libzlib.a(zip.c.obj)
                0x7e05a088                zipOpenNewFileInZip4_64

.text.zipOpenNewFileInZip
                0x7e05a7b0       0x44
 .text.zipOpenNewFileInZip
                0x7e05a7b0       0x44 ../../public_libs/lib/libzlib.a(zip.c.obj)
                0x7e05a7b0                zipOpenNewFileInZip

.text.zipClose  0x7e05a7f8      0x388
 .text.zipClose
                0x7e05a7f8      0x388 ../../public_libs/lib/libzlib.a(zip.c.obj)
                0x7e05a7f8                zipClose

.text.parse_hex4
                0x7e05ab80       0xac
 .text.parse_hex4
                0x7e05ab80       0xac ../../public_libs/lib/libcjson.a(cJSON.c.obj)

.text.parse_string
                0x7e05ac2c      0x1c4
 .text.parse_string
                0x7e05ac2c      0x1c4 ../../public_libs/lib/libcjson.a(cJSON.c.obj)

.text.skip      0x7e05adf0       0x14
 .text.skip     0x7e05adf0       0x14 ../../public_libs/lib/libcjson.a(cJSON.c.obj)

.text.cJSON_New_Item
                0x7e05ae04       0x24
 .text.cJSON_New_Item
                0x7e05ae04       0x24 ../../public_libs/lib/libcjson.a(cJSON.c.obj)

.text.ensure    0x7e05ae28       0x74
 .text.ensure   0x7e05ae28       0x74 ../../public_libs/lib/libcjson.a(cJSON.c.obj)

.text.cJSON_strdup
                0x7e05ae9c       0x30
 .text.cJSON_strdup
                0x7e05ae9c       0x30 ../../public_libs/lib/libcjson.a(cJSON.c.obj)

.text.update    0x7e05aecc       0x1c
 .text.update   0x7e05aecc       0x1c ../../public_libs/lib/libcjson.a(cJSON.c.obj)

.text.print_number
                0x7e05aee8      0x19c
 .text.print_number
                0x7e05aee8      0x19c ../../public_libs/lib/libcjson.a(cJSON.c.obj)

.text.print_string_ptr
                0x7e05b084      0x17c
 .text.print_string_ptr
                0x7e05b084      0x17c ../../public_libs/lib/libcjson.a(cJSON.c.obj)

.text.cJSON_strcasecmp
                0x7e05b200       0x50
 .text.cJSON_strcasecmp
                0x7e05b200       0x50 ../../public_libs/lib/libcjson.a(cJSON.c.obj)

.text.parse_value
                0x7e05b250      0x350
 .text.parse_value
                0x7e05b250      0x350 ../../public_libs/lib/libcjson.a(cJSON.c.obj)

.text.print_array.isra.0
                0x7e05b5a0      0x214
 .text.print_array.isra.0
                0x7e05b5a0      0x214 ../../public_libs/lib/libcjson.a(cJSON.c.obj)

.text.print_value
                0x7e05b7b4       0xe0
 .text.print_value
                0x7e05b7b4       0xe0 ../../public_libs/lib/libcjson.a(cJSON.c.obj)

.text.print_object.isra.0
                0x7e05b894      0x444
 .text.print_object.isra.0
                0x7e05b894      0x444 ../../public_libs/lib/libcjson.a(cJSON.c.obj)

.text.cJSON_InitHooks
                0x7e05bcd8       0x3c
 .text.cJSON_InitHooks
                0x7e05bcd8       0x3c ../../public_libs/lib/libcjson.a(cJSON.c.obj)
                0x7e05bcd8                cJSON_InitHooks

.text.cJSON_Delete
                0x7e05bd14       0x48
 .text.cJSON_Delete
                0x7e05bd14       0x48 ../../public_libs/lib/libcjson.a(cJSON.c.obj)
                0x7e05bd14                cJSON_Delete

.text.cJSON_ParseWithOpts
                0x7e05bd5c       0x74
 .text.cJSON_ParseWithOpts
                0x7e05bd5c       0x74 ../../public_libs/lib/libcjson.a(cJSON.c.obj)
                0x7e05bd5c                cJSON_ParseWithOpts

.text.cJSON_Parse
                0x7e05bdd0        0xc
 .text.cJSON_Parse
                0x7e05bdd0        0xc ../../public_libs/lib/libcjson.a(cJSON.c.obj)
                0x7e05bdd0                cJSON_Parse

.text.cJSON_Print
                0x7e05bddc       0x14
 .text.cJSON_Print
                0x7e05bddc       0x14 ../../public_libs/lib/libcjson.a(cJSON.c.obj)
                0x7e05bddc                cJSON_Print

.text.cJSON_GetObjectItem
                0x7e05bdf0       0x20
 .text.cJSON_GetObjectItem
                0x7e05bdf0       0x20 ../../public_libs/lib/libcjson.a(cJSON.c.obj)
                0x7e05bdf0                cJSON_GetObjectItem

.text.cJSON_AddItemToArray
                0x7e05be10       0x18
 .text.cJSON_AddItemToArray
                0x7e05be10       0x18 ../../public_libs/lib/libcjson.a(cJSON.c.obj)
                0x7e05be10                cJSON_AddItemToArray

.text.cJSON_AddItemToObject
                0x7e05be28       0x38
 .text.cJSON_AddItemToObject
                0x7e05be28       0x38 ../../public_libs/lib/libcjson.a(cJSON.c.obj)
                0x7e05be28                cJSON_AddItemToObject

.text.cJSON_CreateString
                0x7e05be60       0x24
 .text.cJSON_CreateString
                0x7e05be60       0x24 ../../public_libs/lib/libcjson.a(cJSON.c.obj)
                0x7e05be60                cJSON_CreateString

.text.cJSON_CreateObject
                0x7e05be84       0x14
 .text.cJSON_CreateObject
                0x7e05be84       0x14 ../../public_libs/lib/libcjson.a(cJSON.c.obj)
                0x7e05be84                cJSON_CreateObject

.text.sAPI_MqttConnLostCb
                0x7e05be98       0x10
 .text.sAPI_MqttConnLostCb
                0x7e05be98       0x10 ../../sc_lib/A7682S_LNXV_1602_V801_OPENSDK_REPLICANT_ENORLFSV2_CUSAUDIO/lib/libsc_lib.a(api_map.c.obj)
                0x7e05be98                sAPI_MqttConnLostCb

.text.sAPI_MqttCfg
                0x7e05bea8       0x18
 .text.sAPI_MqttCfg
                0x7e05bea8       0x18 ../../sc_lib/A7682S_LNXV_1602_V801_OPENSDK_REPLICANT_ENORLFSV2_CUSAUDIO/lib/libsc_lib.a(api_map.c.obj)
                0x7e05bea8                sAPI_MqttCfg

.text.sAPI_MqttSub
                0x7e05bec0       0x18
 .text.sAPI_MqttSub
                0x7e05bec0       0x18 ../../sc_lib/A7682S_LNXV_1602_V801_OPENSDK_REPLICANT_ENORLFSV2_CUSAUDIO/lib/libsc_lib.a(api_map.c.obj)
                0x7e05bec0                sAPI_MqttSub

.text.sAPI_MqttDisConnect
                0x7e05bed8       0x18
 .text.sAPI_MqttDisConnect
                0x7e05bed8       0x18 ../../sc_lib/A7682S_LNXV_1602_V801_OPENSDK_REPLICANT_ENORLFSV2_CUSAUDIO/lib/libsc_lib.a(api_map.c.obj)
                0x7e05bed8                sAPI_MqttDisConnect

.text.sAPI_MqttConnect
                0x7e05bef0       0x18
 .text.sAPI_MqttConnect
                0x7e05bef0       0x18 ../../sc_lib/A7682S_LNXV_1602_V801_OPENSDK_REPLICANT_ENORLFSV2_CUSAUDIO/lib/libsc_lib.a(api_map.c.obj)
                0x7e05bef0                sAPI_MqttConnect

.text.sAPI_MqttRel
                0x7e05bf08       0x10
 .text.sAPI_MqttRel
                0x7e05bf08       0x10 ../../sc_lib/A7682S_LNXV_1602_V801_OPENSDK_REPLICANT_ENORLFSV2_CUSAUDIO/lib/libsc_lib.a(api_map.c.obj)
                0x7e05bf08                sAPI_MqttRel

.text.sAPI_MqttAccq
                0x7e05bf18       0x18
 .text.sAPI_MqttAccq
                0x7e05bf18       0x18 ../../sc_lib/A7682S_LNXV_1602_V801_OPENSDK_REPLICANT_ENORLFSV2_CUSAUDIO/lib/libsc_lib.a(api_map.c.obj)
                0x7e05bf18                sAPI_MqttAccq

.text.sAPI_MqttStop
                0x7e05bf30       0x10
 .text.sAPI_MqttStop
                0x7e05bf30       0x10 ../../sc_lib/A7682S_LNXV_1602_V801_OPENSDK_REPLICANT_ENORLFSV2_CUSAUDIO/lib/libsc_lib.a(api_map.c.obj)
                0x7e05bf30                sAPI_MqttStop

.text.sAPI_MqttStart
                0x7e05bf40       0x10
 .text.sAPI_MqttStart
                0x7e05bf40       0x10 ../../sc_lib/A7682S_LNXV_1602_V801_OPENSDK_REPLICANT_ENORLFSV2_CUSAUDIO/lib/libsc_lib.a(api_map.c.obj)
                0x7e05bf40                sAPI_MqttStart

.text.sAPI_SslClose
                0x7e05bf50       0x10
 .text.sAPI_SslClose
                0x7e05bf50       0x10 ../../sc_lib/A7682S_LNXV_1602_V801_OPENSDK_REPLICANT_ENORLFSV2_CUSAUDIO/lib/libsc_lib.a(api_map.c.obj)
                0x7e05bf50                sAPI_SslClose

.text.sAPI_SslSend
                0x7e05bf60       0x10
 .text.sAPI_SslSend
                0x7e05bf60       0x10 ../../sc_lib/A7682S_LNXV_1602_V801_OPENSDK_REPLICANT_ENORLFSV2_CUSAUDIO/lib/libsc_lib.a(api_map.c.obj)
                0x7e05bf60                sAPI_SslSend

.text.sAPI_SslRead
                0x7e05bf70       0x10
 .text.sAPI_SslRead
                0x7e05bf70       0x10 ../../sc_lib/A7682S_LNXV_1602_V801_OPENSDK_REPLICANT_ENORLFSV2_CUSAUDIO/lib/libsc_lib.a(api_map.c.obj)
                0x7e05bf70                sAPI_SslRead

.text.sAPI_SslHandShake
                0x7e05bf80       0x10
 .text.sAPI_SslHandShake
                0x7e05bf80       0x10 ../../sc_lib/A7682S_LNXV_1602_V801_OPENSDK_REPLICANT_ENORLFSV2_CUSAUDIO/lib/libsc_lib.a(api_map.c.obj)
                0x7e05bf80                sAPI_SslHandShake

.text.sAPI_SslSetContextIdMsg
                0x7e05bf90       0x10
 .text.sAPI_SslSetContextIdMsg
                0x7e05bf90       0x10 ../../sc_lib/A7682S_LNXV_1602_V801_OPENSDK_REPLICANT_ENORLFSV2_CUSAUDIO/lib/libsc_lib.a(api_map.c.obj)
                0x7e05bf90                sAPI_SslSetContextIdMsg

.text.sAPI_AudioPlayWavCont
                0x7e05bfa0       0x10
 .text.sAPI_AudioPlayWavCont
                0x7e05bfa0       0x10 ../../sc_lib/A7682S_LNXV_1602_V801_OPENSDK_REPLICANT_ENORLFSV2_CUSAUDIO/lib/libsc_lib.a(api_map.c.obj)
                0x7e05bfa0                sAPI_AudioPlayWavCont

.text.sAPI_AudioPlayMp3Cont
                0x7e05bfb0       0x10
 .text.sAPI_AudioPlayMp3Cont
                0x7e05bfb0       0x10 ../../sc_lib/A7682S_LNXV_1602_V801_OPENSDK_REPLICANT_ENORLFSV2_CUSAUDIO/lib/libsc_lib.a(api_map.c.obj)
                0x7e05bfb0                sAPI_AudioPlayMp3Cont

.text.sAPI_AudioGetVolume
                0x7e05bfc0       0x10
 .text.sAPI_AudioGetVolume
                0x7e05bfc0       0x10 ../../sc_lib/A7682S_LNXV_1602_V801_OPENSDK_REPLICANT_ENORLFSV2_CUSAUDIO/lib/libsc_lib.a(api_map.c.obj)
                0x7e05bfc0                sAPI_AudioGetVolume

.text.sAPI_AudioSetVolume
                0x7e05bfd0       0x10
 .text.sAPI_AudioSetVolume
                0x7e05bfd0       0x10 ../../sc_lib/A7682S_LNXV_1602_V801_OPENSDK_REPLICANT_ENORLFSV2_CUSAUDIO/lib/libsc_lib.a(api_map.c.obj)
                0x7e05bfd0                sAPI_AudioSetVolume

.text.sAPI_AudioSetPaCtrlConfig
                0x7e05bfe0       0x10
 .text.sAPI_AudioSetPaCtrlConfig
                0x7e05bfe0       0x10 ../../sc_lib/A7682S_LNXV_1602_V801_OPENSDK_REPLICANT_ENORLFSV2_CUSAUDIO/lib/libsc_lib.a(api_map.c.obj)
                0x7e05bfe0                sAPI_AudioSetPaCtrlConfig

.text.sAPI_AudioGetMicGain
                0x7e05bff0       0x10
 .text.sAPI_AudioGetMicGain
                0x7e05bff0       0x10 ../../sc_lib/A7682S_LNXV_1602_V801_OPENSDK_REPLICANT_ENORLFSV2_CUSAUDIO/lib/libsc_lib.a(api_map.c.obj)
                0x7e05bff0                sAPI_AudioGetMicGain

.text.sAPI_AudioSetMicGain
                0x7e05c000       0x10
 .text.sAPI_AudioSetMicGain
                0x7e05c000       0x10 ../../sc_lib/A7682S_LNXV_1602_V801_OPENSDK_REPLICANT_ENORLFSV2_CUSAUDIO/lib/libsc_lib.a(api_map.c.obj)
                0x7e05c000                sAPI_AudioSetMicGain

.text.sAPI_AudioSetPlayPath
                0x7e05c010       0x10
 .text.sAPI_AudioSetPlayPath
                0x7e05c010       0x10 ../../sc_lib/A7682S_LNXV_1602_V801_OPENSDK_REPLICANT_ENORLFSV2_CUSAUDIO/lib/libsc_lib.a(api_map.c.obj)
                0x7e05c010                sAPI_AudioSetPlayPath

.text.sAPI_AudioStatus
                0x7e05c020       0x10
 .text.sAPI_AudioStatus
                0x7e05c020       0x10 ../../sc_lib/A7682S_LNXV_1602_V801_OPENSDK_REPLICANT_ENORLFSV2_CUSAUDIO/lib/libsc_lib.a(api_map.c.obj)
                0x7e05c020                sAPI_AudioStatus

.text.sAPI_AudioWavFilePlay
                0x7e05c030       0x10
 .text.sAPI_AudioWavFilePlay
                0x7e05c030       0x10 ../../sc_lib/A7682S_LNXV_1602_V801_OPENSDK_REPLICANT_ENORLFSV2_CUSAUDIO/lib/libsc_lib.a(api_map.c.obj)
                0x7e05c030                sAPI_AudioWavFilePlay

.text.sAPI_AudioPlayAmrCont
                0x7e05c040       0x10
 .text.sAPI_AudioPlayAmrCont
                0x7e05c040       0x10 ../../sc_lib/A7682S_LNXV_1602_V801_OPENSDK_REPLICANT_ENORLFSV2_CUSAUDIO/lib/libsc_lib.a(api_map.c.obj)
                0x7e05c040                sAPI_AudioPlayAmrCont

.text.sAPI_AudioAmrStreamStop
                0x7e05c050       0x10
 .text.sAPI_AudioAmrStreamStop
                0x7e05c050       0x10 ../../sc_lib/A7682S_LNXV_1602_V801_OPENSDK_REPLICANT_ENORLFSV2_CUSAUDIO/lib/libsc_lib.a(api_map.c.obj)
                0x7e05c050                sAPI_AudioAmrStreamStop

.text.sAPI_AudioAmrStreamPlay
                0x7e05c060       0x10
 .text.sAPI_AudioAmrStreamPlay
                0x7e05c060       0x10 ../../sc_lib/A7682S_LNXV_1602_V801_OPENSDK_REPLICANT_ENORLFSV2_CUSAUDIO/lib/libsc_lib.a(api_map.c.obj)
                0x7e05c060                sAPI_AudioAmrStreamPlay

.text.sAPI_AudioMp3StreamStop
                0x7e05c070       0x10
 .text.sAPI_AudioMp3StreamStop
                0x7e05c070       0x10 ../../sc_lib/A7682S_LNXV_1602_V801_OPENSDK_REPLICANT_ENORLFSV2_CUSAUDIO/lib/libsc_lib.a(api_map.c.obj)
                0x7e05c070                sAPI_AudioMp3StreamStop

.text.sAPI_AudioMp3StreamPlay
                0x7e05c080       0x10
 .text.sAPI_AudioMp3StreamPlay
                0x7e05c080       0x10 ../../sc_lib/A7682S_LNXV_1602_V801_OPENSDK_REPLICANT_ENORLFSV2_CUSAUDIO/lib/libsc_lib.a(api_map.c.obj)
                0x7e05c080                sAPI_AudioMp3StreamPlay

.text.sAPI_AudioPcmStop
                0x7e05c090       0x10
 .text.sAPI_AudioPcmStop
                0x7e05c090       0x10 ../../sc_lib/A7682S_LNXV_1602_V801_OPENSDK_REPLICANT_ENORLFSV2_CUSAUDIO/lib/libsc_lib.a(api_map.c.obj)
                0x7e05c090                sAPI_AudioPcmStop

.text.sAPI_AudioPcmPlay
                0x7e05c0a0       0x10
 .text.sAPI_AudioPcmPlay
                0x7e05c0a0       0x10 ../../sc_lib/A7682S_LNXV_1602_V801_OPENSDK_REPLICANT_ENORLFSV2_CUSAUDIO/lib/libsc_lib.a(api_map.c.obj)
                0x7e05c0a0                sAPI_AudioPcmPlay

.text.sAPI_AudioStop
                0x7e05c0b0       0x10
 .text.sAPI_AudioStop
                0x7e05c0b0       0x10 ../../sc_lib/A7682S_LNXV_1602_V801_OPENSDK_REPLICANT_ENORLFSV2_CUSAUDIO/lib/libsc_lib.a(api_map.c.obj)
                0x7e05c0b0                sAPI_AudioStop

.text.sAPI_AudioPlay
                0x7e05c0c0       0x10
 .text.sAPI_AudioPlay
                0x7e05c0c0       0x10 ../../sc_lib/A7682S_LNXV_1602_V801_OPENSDK_REPLICANT_ENORLFSV2_CUSAUDIO/lib/libsc_lib.a(api_map.c.obj)
                0x7e05c0c0                sAPI_AudioPlay

.text.sAPI_AudioPlaySampleRate
                0x7e05c0d0       0x10
 .text.sAPI_AudioPlaySampleRate
                0x7e05c0d0       0x10 ../../sc_lib/A7682S_LNXV_1602_V801_OPENSDK_REPLICANT_ENORLFSV2_CUSAUDIO/lib/libsc_lib.a(api_map.c.obj)
                0x7e05c0d0                sAPI_AudioPlaySampleRate

.text.sAPI_AmrStopStreamRecord
                0x7e05c0e0       0x10
 .text.sAPI_AmrStopStreamRecord
                0x7e05c0e0       0x10 ../../sc_lib/A7682S_LNXV_1602_V801_OPENSDK_REPLICANT_ENORLFSV2_CUSAUDIO/lib/libsc_lib.a(api_map.c.obj)
                0x7e05c0e0                sAPI_AmrStopStreamRecord

.text.sAPI_AmrStreamRecord
                0x7e05c0f0       0x10
 .text.sAPI_AmrStreamRecord
                0x7e05c0f0       0x10 ../../sc_lib/A7682S_LNXV_1602_V801_OPENSDK_REPLICANT_ENORLFSV2_CUSAUDIO/lib/libsc_lib.a(api_map.c.obj)
                0x7e05c0f0                sAPI_AmrStreamRecord

.text.sAPI_PCMStopStreamRec
                0x7e05c100       0x10
 .text.sAPI_PCMStopStreamRec
                0x7e05c100       0x10 ../../sc_lib/A7682S_LNXV_1602_V801_OPENSDK_REPLICANT_ENORLFSV2_CUSAUDIO/lib/libsc_lib.a(api_map.c.obj)
                0x7e05c100                sAPI_PCMStopStreamRec

.text.sAPI_PCMStreamRec
                0x7e05c110       0x10
 .text.sAPI_PCMStreamRec
                0x7e05c110       0x10 ../../sc_lib/A7682S_LNXV_1602_V801_OPENSDK_REPLICANT_ENORLFSV2_CUSAUDIO/lib/libsc_lib.a(api_map.c.obj)
                0x7e05c110                sAPI_PCMStreamRec

.text.sAPI_AudRec
                0x7e05c120       0x18
 .text.sAPI_AudRec
                0x7e05c120       0x18 ../../sc_lib/A7682S_LNXV_1602_V801_OPENSDK_REPLICANT_ENORLFSV2_CUSAUDIO/lib/libsc_lib.a(api_map.c.obj)
                0x7e05c120                sAPI_AudRec

.text.sAPI_AudioRecord
                0x7e05c138       0x10
 .text.sAPI_AudioRecord
                0x7e05c138       0x10 ../../sc_lib/A7682S_LNXV_1602_V801_OPENSDK_REPLICANT_ENORLFSV2_CUSAUDIO/lib/libsc_lib.a(api_map.c.obj)
                0x7e05c138                sAPI_AudioRecord

.text.sAPI_AudioSetAmrRateLevel
                0x7e05c148       0x10
 .text.sAPI_AudioSetAmrRateLevel
                0x7e05c148       0x10 ../../sc_lib/A7682S_LNXV_1602_V801_OPENSDK_REPLICANT_ENORLFSV2_CUSAUDIO/lib/libsc_lib.a(api_map.c.obj)
                0x7e05c148                sAPI_AudioSetAmrRateLevel

.text.sAPI_HttpPostfile
                0x7e05c158       0x10
 .text.sAPI_HttpPostfile
                0x7e05c158       0x10 ../../sc_lib/A7682S_LNXV_1602_V801_OPENSDK_REPLICANT_ENORLFSV2_CUSAUDIO/lib/libsc_lib.a(api_map.c.obj)
                0x7e05c158                sAPI_HttpPostfile

.text.sAPI_HttpRead
                0x7e05c168       0x10
 .text.sAPI_HttpRead
                0x7e05c168       0x10 ../../sc_lib/A7682S_LNXV_1602_V801_OPENSDK_REPLICANT_ENORLFSV2_CUSAUDIO/lib/libsc_lib.a(api_map.c.obj)
                0x7e05c168                sAPI_HttpRead

.text.sAPI_HttpHead
                0x7e05c178       0x10
 .text.sAPI_HttpHead
                0x7e05c178       0x10 ../../sc_lib/A7682S_LNXV_1602_V801_OPENSDK_REPLICANT_ENORLFSV2_CUSAUDIO/lib/libsc_lib.a(api_map.c.obj)
                0x7e05c178                sAPI_HttpHead

.text.sAPI_HttpData
                0x7e05c188       0x10
 .text.sAPI_HttpData
                0x7e05c188       0x10 ../../sc_lib/A7682S_LNXV_1602_V801_OPENSDK_REPLICANT_ENORLFSV2_CUSAUDIO/lib/libsc_lib.a(api_map.c.obj)
                0x7e05c188                sAPI_HttpData

.text.sAPI_HttpAction
                0x7e05c198       0x10
 .text.sAPI_HttpAction
                0x7e05c198       0x10 ../../sc_lib/A7682S_LNXV_1602_V801_OPENSDK_REPLICANT_ENORLFSV2_CUSAUDIO/lib/libsc_lib.a(api_map.c.obj)
                0x7e05c198                sAPI_HttpAction

.text.sAPI_HttpPara
                0x7e05c1a8       0x10
 .text.sAPI_HttpPara
                0x7e05c1a8       0x10 ../../sc_lib/A7682S_LNXV_1602_V801_OPENSDK_REPLICANT_ENORLFSV2_CUSAUDIO/lib/libsc_lib.a(api_map.c.obj)
                0x7e05c1a8                sAPI_HttpPara

.text.sAPI_HttpTerm
                0x7e05c1b8       0x10
 .text.sAPI_HttpTerm
                0x7e05c1b8       0x10 ../../sc_lib/A7682S_LNXV_1602_V801_OPENSDK_REPLICANT_ENORLFSV2_CUSAUDIO/lib/libsc_lib.a(api_map.c.obj)
                0x7e05c1b8                sAPI_HttpTerm

.text.sAPI_HttpInit
                0x7e05c1c8       0x10
 .text.sAPI_HttpInit
                0x7e05c1c8       0x10 ../../sc_lib/A7682S_LNXV_1602_V801_OPENSDK_REPLICANT_ENORLFSV2_CUSAUDIO/lib/libsc_lib.a(api_map.c.obj)
                0x7e05c1c8                sAPI_HttpInit

.text.sAPI_HtpUpdate
                0x7e05c1d8       0x10
 .text.sAPI_HtpUpdate
                0x7e05c1d8       0x10 ../../sc_lib/A7682S_LNXV_1602_V801_OPENSDK_REPLICANT_ENORLFSV2_CUSAUDIO/lib/libsc_lib.a(api_map.c.obj)
                0x7e05c1d8                sAPI_HtpUpdate

.text.sAPI_HtpSrvConfig
                0x7e05c1e8       0x18
 .text.sAPI_HtpSrvConfig
                0x7e05c1e8       0x18 ../../sc_lib/A7682S_LNXV_1602_V801_OPENSDK_REPLICANT_ENORLFSV2_CUSAUDIO/lib/libsc_lib.a(api_map.c.obj)
                0x7e05c1e8                sAPI_HtpSrvConfig

.text.sAPI_FsSwitchDir
                0x7e05c200       0x10
 .text.sAPI_FsSwitchDir
                0x7e05c200       0x10 ../../sc_lib/A7682S_LNXV_1602_V801_OPENSDK_REPLICANT_ENORLFSV2_CUSAUDIO/lib/libsc_lib.a(api_map.c.obj)
                0x7e05c200                sAPI_FsSwitchDir

.text.sAPI_GetUsedSize
                0x7e05c210       0x14
 .text.sAPI_GetUsedSize
                0x7e05c210       0x14 ../../sc_lib/A7682S_LNXV_1602_V801_OPENSDK_REPLICANT_ENORLFSV2_CUSAUDIO/lib/libsc_lib.a(api_map.c.obj)
                0x7e05c210                sAPI_GetUsedSize

.text.sAPI_GetFreeSize
                0x7e05c224       0x14
 .text.sAPI_GetFreeSize
                0x7e05c224       0x14 ../../sc_lib/A7682S_LNXV_1602_V801_OPENSDK_REPLICANT_ENORLFSV2_CUSAUDIO/lib/libsc_lib.a(api_map.c.obj)
                0x7e05c224                sAPI_GetFreeSize

.text.sAPI_GetSize
                0x7e05c238       0x14
 .text.sAPI_GetSize
                0x7e05c238       0x14 ../../sc_lib/A7682S_LNXV_1602_V801_OPENSDK_REPLICANT_ENORLFSV2_CUSAUDIO/lib/libsc_lib.a(api_map.c.obj)
                0x7e05c238                sAPI_GetSize

.text.sAPI_stat
                0x7e05c24c       0x10
 .text.sAPI_stat
                0x7e05c24c       0x10 ../../sc_lib/A7682S_LNXV_1602_V801_OPENSDK_REPLICANT_ENORLFSV2_CUSAUDIO/lib/libsc_lib.a(api_map.c.obj)
                0x7e05c24c                sAPI_stat

.text.sAPI_rename
                0x7e05c25c       0x10
 .text.sAPI_rename
                0x7e05c25c       0x10 ../../sc_lib/A7682S_LNXV_1602_V801_OPENSDK_REPLICANT_ENORLFSV2_CUSAUDIO/lib/libsc_lib.a(api_map.c.obj)
                0x7e05c25c                sAPI_rename

.text.sAPI_remove
                0x7e05c26c       0x10
 .text.sAPI_remove
                0x7e05c26c       0x10 ../../sc_lib/A7682S_LNXV_1602_V801_OPENSDK_REPLICANT_ENORLFSV2_CUSAUDIO/lib/libsc_lib.a(api_map.c.obj)
                0x7e05c26c                sAPI_remove

.text.sAPI_readdir
                0x7e05c27c       0x10
 .text.sAPI_readdir
                0x7e05c27c       0x10 ../../sc_lib/A7682S_LNXV_1602_V801_OPENSDK_REPLICANT_ENORLFSV2_CUSAUDIO/lib/libsc_lib.a(api_map.c.obj)
                0x7e05c27c                sAPI_readdir

.text.sAPI_closedir
                0x7e05c28c       0x10
 .text.sAPI_closedir
                0x7e05c28c       0x10 ../../sc_lib/A7682S_LNXV_1602_V801_OPENSDK_REPLICANT_ENORLFSV2_CUSAUDIO/lib/libsc_lib.a(api_map.c.obj)
                0x7e05c28c                sAPI_closedir

.text.sAPI_opendir
                0x7e05c29c       0x10
 .text.sAPI_opendir
                0x7e05c29c       0x10 ../../sc_lib/A7682S_LNXV_1602_V801_OPENSDK_REPLICANT_ENORLFSV2_CUSAUDIO/lib/libsc_lib.a(api_map.c.obj)
                0x7e05c29c                sAPI_opendir

.text.sAPI_mkdir
                0x7e05c2ac       0x10
 .text.sAPI_mkdir
                0x7e05c2ac       0x10 ../../sc_lib/A7682S_LNXV_1602_V801_OPENSDK_REPLICANT_ENORLFSV2_CUSAUDIO/lib/libsc_lib.a(api_map.c.obj)
                0x7e05c2ac                sAPI_mkdir

.text.sAPI_fsize
                0x7e05c2bc       0x10
 .text.sAPI_fsize
                0x7e05c2bc       0x10 ../../sc_lib/A7682S_LNXV_1602_V801_OPENSDK_REPLICANT_ENORLFSV2_CUSAUDIO/lib/libsc_lib.a(api_map.c.obj)
                0x7e05c2bc                sAPI_fsize

.text.sAPI_ftell
                0x7e05c2cc       0x10
 .text.sAPI_ftell
                0x7e05c2cc       0x10 ../../sc_lib/A7682S_LNXV_1602_V801_OPENSDK_REPLICANT_ENORLFSV2_CUSAUDIO/lib/libsc_lib.a(api_map.c.obj)
                0x7e05c2cc                sAPI_ftell

.text.sAPI_fseek
                0x7e05c2dc       0x10
 .text.sAPI_fseek
                0x7e05c2dc       0x10 ../../sc_lib/A7682S_LNXV_1602_V801_OPENSDK_REPLICANT_ENORLFSV2_CUSAUDIO/lib/libsc_lib.a(api_map.c.obj)
                0x7e05c2dc                sAPI_fseek

.text.sAPI_fwrite
                0x7e05c2ec       0x18
 .text.sAPI_fwrite
                0x7e05c2ec       0x18 ../../sc_lib/A7682S_LNXV_1602_V801_OPENSDK_REPLICANT_ENORLFSV2_CUSAUDIO/lib/libsc_lib.a(api_map.c.obj)
                0x7e05c2ec                sAPI_fwrite

.text.sAPI_fread
                0x7e05c304       0x18
 .text.sAPI_fread
                0x7e05c304       0x18 ../../sc_lib/A7682S_LNXV_1602_V801_OPENSDK_REPLICANT_ENORLFSV2_CUSAUDIO/lib/libsc_lib.a(api_map.c.obj)
                0x7e05c304                sAPI_fread

.text.sAPI_fclose
                0x7e05c31c       0x10
 .text.sAPI_fclose
                0x7e05c31c       0x10 ../../sc_lib/A7682S_LNXV_1602_V801_OPENSDK_REPLICANT_ENORLFSV2_CUSAUDIO/lib/libsc_lib.a(api_map.c.obj)
                0x7e05c31c                sAPI_fclose

.text.sAPI_fformat
                0x7e05c32c       0x10
 .text.sAPI_fformat
                0x7e05c32c       0x10 ../../sc_lib/A7682S_LNXV_1602_V801_OPENSDK_REPLICANT_ENORLFSV2_CUSAUDIO/lib/libsc_lib.a(api_map.c.obj)
                0x7e05c32c                sAPI_fformat

.text.sAPI_fopen
                0x7e05c33c       0x10
 .text.sAPI_fopen
                0x7e05c33c       0x10 ../../sc_lib/A7682S_LNXV_1602_V801_OPENSDK_REPLICANT_ENORLFSV2_CUSAUDIO/lib/libsc_lib.a(api_map.c.obj)
                0x7e05c33c                sAPI_fopen

.text.sAPI_WifiScanStop
                0x7e05c34c       0x10
 .text.sAPI_WifiScanStop
                0x7e05c34c       0x10 ../../sc_lib/A7682S_LNXV_1602_V801_OPENSDK_REPLICANT_ENORLFSV2_CUSAUDIO/lib/libsc_lib.a(api_map.c.obj)
                0x7e05c34c                sAPI_WifiScanStop

.text.sAPI_WifiScanStart
                0x7e05c35c       0x10
 .text.sAPI_WifiScanStart
                0x7e05c35c       0x10 ../../sc_lib/A7682S_LNXV_1602_V801_OPENSDK_REPLICANT_ENORLFSV2_CUSAUDIO/lib/libsc_lib.a(api_map.c.obj)
                0x7e05c35c                sAPI_WifiScanStart

.text.sAPI_WifiSetHandler
                0x7e05c36c       0x10
 .text.sAPI_WifiSetHandler
                0x7e05c36c       0x10 ../../sc_lib/A7682S_LNXV_1602_V801_OPENSDK_REPLICANT_ENORLFSV2_CUSAUDIO/lib/libsc_lib.a(api_map.c.obj)
                0x7e05c36c                sAPI_WifiSetHandler

.text.sAPI_FeedWtd
                0x7e05c37c       0x10
 .text.sAPI_FeedWtd
                0x7e05c37c       0x10 ../../sc_lib/A7682S_LNXV_1602_V801_OPENSDK_REPLICANT_ENORLFSV2_CUSAUDIO/lib/libsc_lib.a(api_map.c.obj)
                0x7e05c37c                sAPI_FeedWtd

.text.sAPI_SoftWtdEnable
                0x7e05c38c       0x10
 .text.sAPI_SoftWtdEnable
                0x7e05c38c       0x10 ../../sc_lib/A7682S_LNXV_1602_V801_OPENSDK_REPLICANT_ENORLFSV2_CUSAUDIO/lib/libsc_lib.a(api_map.c.obj)
                0x7e05c38c                sAPI_SoftWtdEnable

.text.sAPI_FalutWakeEnable
                0x7e05c39c       0x10
 .text.sAPI_FalutWakeEnable
                0x7e05c39c       0x10 ../../sc_lib/A7682S_LNXV_1602_V801_OPENSDK_REPLICANT_ENORLFSV2_CUSAUDIO/lib/libsc_lib.a(api_map.c.obj)
                0x7e05c39c                sAPI_FalutWakeEnable

.text.sAPI_SetWtdTimeOutPeriod
                0x7e05c3ac       0x10
 .text.sAPI_SetWtdTimeOutPeriod
                0x7e05c3ac       0x10 ../../sc_lib/A7682S_LNXV_1602_V801_OPENSDK_REPLICANT_ENORLFSV2_CUSAUDIO/lib/libsc_lib.a(api_map.c.obj)
                0x7e05c3ac                sAPI_SetWtdTimeOutPeriod

.text.sAPI_Ping
                0x7e05c3bc       0x10
 .text.sAPI_Ping
                0x7e05c3bc       0x10 ../../sc_lib/A7682S_LNXV_1602_V801_OPENSDK_REPLICANT_ENORLFSV2_CUSAUDIO/lib/libsc_lib.a(api_map.c.obj)
                0x7e05c3bc                sAPI_Ping

.text.sAPI_AtSend
                0x7e05c3cc       0x10
 .text.sAPI_AtSend
                0x7e05c3cc       0x10 ../../sc_lib/A7682S_LNXV_1602_V801_OPENSDK_REPLICANT_ENORLFSV2_CUSAUDIO/lib/libsc_lib.a(api_map.c.obj)
                0x7e05c3cc                sAPI_AtSend

.text.sAPI_GetUtcTime
                0x7e05c3dc       0x10
 .text.sAPI_GetUtcTime
                0x7e05c3dc       0x10 ../../sc_lib/A7682S_LNXV_1602_V801_OPENSDK_REPLICANT_ENORLFSV2_CUSAUDIO/lib/libsc_lib.a(api_map.c.obj)
                0x7e05c3dc                sAPI_GetUtcTime

.text.sAPI_RtcRegisterCB
                0x7e05c3ec       0x10
 .text.sAPI_RtcRegisterCB
                0x7e05c3ec       0x10 ../../sc_lib/A7682S_LNXV_1602_V801_OPENSDK_REPLICANT_ENORLFSV2_CUSAUDIO/lib/libsc_lib.a(api_map.c.obj)
                0x7e05c3ec                sAPI_RtcRegisterCB

.text.sAPI_RtcEnableAlarm
                0x7e05c3fc       0x10
 .text.sAPI_RtcEnableAlarm
                0x7e05c3fc       0x10 ../../sc_lib/A7682S_LNXV_1602_V801_OPENSDK_REPLICANT_ENORLFSV2_CUSAUDIO/lib/libsc_lib.a(api_map.c.obj)
                0x7e05c3fc                sAPI_RtcEnableAlarm

.text.sAPI_RtcGetAlarm
                0x7e05c40c       0x10
 .text.sAPI_RtcGetAlarm
                0x7e05c40c       0x10 ../../sc_lib/A7682S_LNXV_1602_V801_OPENSDK_REPLICANT_ENORLFSV2_CUSAUDIO/lib/libsc_lib.a(api_map.c.obj)
                0x7e05c40c                sAPI_RtcGetAlarm

.text.sAPI_RtcSetAlarm
                0x7e05c41c       0x10
 .text.sAPI_RtcSetAlarm
                0x7e05c41c       0x10 ../../sc_lib/A7682S_LNXV_1602_V801_OPENSDK_REPLICANT_ENORLFSV2_CUSAUDIO/lib/libsc_lib.a(api_map.c.obj)
                0x7e05c41c                sAPI_RtcSetAlarm

.text.sAPI_GetRealTimeClock
                0x7e05c42c       0x10
 .text.sAPI_GetRealTimeClock
                0x7e05c42c       0x10 ../../sc_lib/A7682S_LNXV_1602_V801_OPENSDK_REPLICANT_ENORLFSV2_CUSAUDIO/lib/libsc_lib.a(api_map.c.obj)
                0x7e05c42c                sAPI_GetRealTimeClock

.text.sAPI_SetRealTimeClock
                0x7e05c43c       0x10
 .text.sAPI_SetRealTimeClock
                0x7e05c43c       0x10 ../../sc_lib/A7682S_LNXV_1602_V801_OPENSDK_REPLICANT_ENORLFSV2_CUSAUDIO/lib/libsc_lib.a(api_map.c.obj)
                0x7e05c43c                sAPI_SetRealTimeClock

.text.sAPI_GetSysLocalTime
                0x7e05c44c       0x10
 .text.sAPI_GetSysLocalTime
                0x7e05c44c       0x10 ../../sc_lib/A7682S_LNXV_1602_V801_OPENSDK_REPLICANT_ENORLFSV2_CUSAUDIO/lib/libsc_lib.a(api_map.c.obj)
                0x7e05c44c                sAPI_GetSysLocalTime

.text.sAPI_NtpUpdate
                0x7e05c45c       0x18
 .text.sAPI_NtpUpdate
                0x7e05c45c       0x18 ../../sc_lib/A7682S_LNXV_1602_V801_OPENSDK_REPLICANT_ENORLFSV2_CUSAUDIO/lib/libsc_lib.a(api_map.c.obj)
                0x7e05c45c                sAPI_NtpUpdate

.text.sAPI_FBF_Disable
                0x7e05c474       0x10
 .text.sAPI_FBF_Disable
                0x7e05c474       0x10 ../../sc_lib/A7682S_LNXV_1602_V801_OPENSDK_REPLICANT_ENORLFSV2_CUSAUDIO/lib/libsc_lib.a(api_map.c.obj)
                0x7e05c474                sAPI_FBF_Disable

.text.sAPI_EraseFlashSector
                0x7e05c484       0x10
 .text.sAPI_EraseFlashSector
                0x7e05c484       0x10 ../../sc_lib/A7682S_LNXV_1602_V801_OPENSDK_REPLICANT_ENORLFSV2_CUSAUDIO/lib/libsc_lib.a(api_map.c.obj)
                0x7e05c484                sAPI_EraseFlashSector

.text.sAPI_WriteFlash
                0x7e05c494       0x10
 .text.sAPI_WriteFlash
                0x7e05c494       0x10 ../../sc_lib/A7682S_LNXV_1602_V801_OPENSDK_REPLICANT_ENORLFSV2_CUSAUDIO/lib/libsc_lib.a(api_map.c.obj)
                0x7e05c494                sAPI_WriteFlash

.text.sAPI_ReadFlash
                0x7e05c4a4       0x10
 .text.sAPI_ReadFlash
                0x7e05c4a4       0x10 ../../sc_lib/A7682S_LNXV_1602_V801_OPENSDK_REPLICANT_ENORLFSV2_CUSAUDIO/lib/libsc_lib.a(api_map.c.obj)
                0x7e05c4a4                sAPI_ReadFlash

.text.sAPI_ReadFlashAppPartition
                0x7e05c4b4       0x10
 .text.sAPI_ReadFlashAppPartition
                0x7e05c4b4       0x10 ../../sc_lib/A7682S_LNXV_1602_V801_OPENSDK_REPLICANT_ENORLFSV2_CUSAUDIO/lib/libsc_lib.a(api_map.c.obj)
                0x7e05c4b4                sAPI_ReadFlashAppPartition

.text.sAPI_SpiWriteBytesEx
                0x7e05c4c4       0x10
 .text.sAPI_SpiWriteBytesEx
                0x7e05c4c4       0x10 ../../sc_lib/A7682S_LNXV_1602_V801_OPENSDK_REPLICANT_ENORLFSV2_CUSAUDIO/lib/libsc_lib.a(api_map.c.obj)
                0x7e05c4c4                sAPI_SpiWriteBytesEx

.text.sAPI_SpiReadBytesEx
                0x7e05c4d4       0x18
 .text.sAPI_SpiReadBytesEx
                0x7e05c4d4       0x18 ../../sc_lib/A7682S_LNXV_1602_V801_OPENSDK_REPLICANT_ENORLFSV2_CUSAUDIO/lib/libsc_lib.a(api_map.c.obj)
                0x7e05c4d4                sAPI_SpiReadBytesEx

.text.sAPI_SpiConfigInitEx
                0x7e05c4ec       0x10
 .text.sAPI_SpiConfigInitEx
                0x7e05c4ec       0x10 ../../sc_lib/A7682S_LNXV_1602_V801_OPENSDK_REPLICANT_ENORLFSV2_CUSAUDIO/lib/libsc_lib.a(api_map.c.obj)
                0x7e05c4ec                sAPI_SpiConfigInitEx

.text.sAPI_FotaServiceBegin
                0x7e05c4fc       0x10
 .text.sAPI_FotaServiceBegin
                0x7e05c4fc       0x10 ../../sc_lib/A7682S_LNXV_1602_V801_OPENSDK_REPLICANT_ENORLFSV2_CUSAUDIO/lib/libsc_lib.a(api_map.c.obj)
                0x7e05c4fc                sAPI_FotaServiceBegin

.text.sAPI_GetMiniSysStatus
                0x7e05c50c       0x10
 .text.sAPI_GetMiniSysStatus
                0x7e05c50c       0x10 ../../sc_lib/A7682S_LNXV_1602_V801_OPENSDK_REPLICANT_ENORLFSV2_CUSAUDIO/lib/libsc_lib.a(api_map.c.obj)
                0x7e05c50c                sAPI_GetMiniSysStatus

.text.sAPI_AppPackageCrc
                0x7e05c51c       0x10
 .text.sAPI_AppPackageCrc
                0x7e05c51c       0x10 ../../sc_lib/A7682S_LNXV_1602_V801_OPENSDK_REPLICANT_ENORLFSV2_CUSAUDIO/lib/libsc_lib.a(api_map.c.obj)
                0x7e05c51c                sAPI_AppPackageCrc

.text.sAPI_AppPackageClose
                0x7e05c52c       0x10
 .text.sAPI_AppPackageClose
                0x7e05c52c       0x10 ../../sc_lib/A7682S_LNXV_1602_V801_OPENSDK_REPLICANT_ENORLFSV2_CUSAUDIO/lib/libsc_lib.a(api_map.c.obj)
                0x7e05c52c                sAPI_AppPackageClose

.text.sAPI_AppPackageWrite
                0x7e05c53c       0x10
 .text.sAPI_AppPackageWrite
                0x7e05c53c       0x10 ../../sc_lib/A7682S_LNXV_1602_V801_OPENSDK_REPLICANT_ENORLFSV2_CUSAUDIO/lib/libsc_lib.a(api_map.c.obj)
                0x7e05c53c                sAPI_AppPackageWrite

.text.sAPI_AppPackageOpen
                0x7e05c54c       0x10
 .text.sAPI_AppPackageOpen
                0x7e05c54c       0x10 ../../sc_lib/A7682S_LNXV_1602_V801_OPENSDK_REPLICANT_ENORLFSV2_CUSAUDIO/lib/libsc_lib.a(api_map.c.obj)
                0x7e05c54c                sAPI_AppPackageOpen

.text.sAPI_I2CConfigInit
                0x7e05c55c       0x10
 .text.sAPI_I2CConfigInit
                0x7e05c55c       0x10 ../../sc_lib/A7682S_LNXV_1602_V801_OPENSDK_REPLICANT_ENORLFSV2_CUSAUDIO/lib/libsc_lib.a(api_map.c.obj)
                0x7e05c55c                sAPI_I2CConfigInit

.text.sAPI_I2CWriteEx
                0x7e05c56c       0x20
 .text.sAPI_I2CWriteEx
                0x7e05c56c       0x20 ../../sc_lib/A7682S_LNXV_1602_V801_OPENSDK_REPLICANT_ENORLFSV2_CUSAUDIO/lib/libsc_lib.a(api_map.c.obj)
                0x7e05c56c                sAPI_I2CWriteEx

.text.sAPI_I2CWrite
                0x7e05c58c       0x20
 .text.sAPI_I2CWrite
                0x7e05c58c       0x20 ../../sc_lib/A7682S_LNXV_1602_V801_OPENSDK_REPLICANT_ENORLFSV2_CUSAUDIO/lib/libsc_lib.a(api_map.c.obj)
                0x7e05c58c                sAPI_I2CWrite

.text.sAPI_I2CReadEx
                0x7e05c5ac       0x20
 .text.sAPI_I2CReadEx
                0x7e05c5ac       0x20 ../../sc_lib/A7682S_LNXV_1602_V801_OPENSDK_REPLICANT_ENORLFSV2_CUSAUDIO/lib/libsc_lib.a(api_map.c.obj)
                0x7e05c5ac                sAPI_I2CReadEx

.text.sAPI_I2CRead
                0x7e05c5cc       0x20
 .text.sAPI_I2CRead
                0x7e05c5cc       0x20 ../../sc_lib/A7682S_LNXV_1602_V801_OPENSDK_REPLICANT_ENORLFSV2_CUSAUDIO/lib/libsc_lib.a(api_map.c.obj)
                0x7e05c5cc                sAPI_I2CRead

.text.sAPI_GpioWakeupEnable
                0x7e05c5ec       0x10
 .text.sAPI_GpioWakeupEnable
                0x7e05c5ec       0x10 ../../sc_lib/A7682S_LNXV_1602_V801_OPENSDK_REPLICANT_ENORLFSV2_CUSAUDIO/lib/libsc_lib.a(api_map.c.obj)
                0x7e05c5ec                sAPI_GpioWakeupEnable

.text.sAPI_GpioGetDirection
                0x7e05c5fc       0x10
 .text.sAPI_GpioGetDirection
                0x7e05c5fc       0x10 ../../sc_lib/A7682S_LNXV_1602_V801_OPENSDK_REPLICANT_ENORLFSV2_CUSAUDIO/lib/libsc_lib.a(api_map.c.obj)
                0x7e05c5fc                sAPI_GpioGetDirection

.text.sAPI_GpioSetDirection
                0x7e05c60c       0x10
 .text.sAPI_GpioSetDirection
                0x7e05c60c       0x10 ../../sc_lib/A7682S_LNXV_1602_V801_OPENSDK_REPLICANT_ENORLFSV2_CUSAUDIO/lib/libsc_lib.a(api_map.c.obj)
                0x7e05c60c                sAPI_GpioSetDirection

.text.sAPI_GpioConfigInterrupt
                0x7e05c61c       0x10
 .text.sAPI_GpioConfigInterrupt
                0x7e05c61c       0x10 ../../sc_lib/A7682S_LNXV_1602_V801_OPENSDK_REPLICANT_ENORLFSV2_CUSAUDIO/lib/libsc_lib.a(api_map.c.obj)
                0x7e05c61c                sAPI_GpioConfigInterrupt

.text.sAPI_GpioConfig
                0x7e05c62c       0x34
 .text.sAPI_GpioConfig
                0x7e05c62c       0x34 ../../sc_lib/A7682S_LNXV_1602_V801_OPENSDK_REPLICANT_ENORLFSV2_CUSAUDIO/lib/libsc_lib.a(api_map.c.obj)
                0x7e05c62c                sAPI_GpioConfig

.text.sAPI_GpioGetValue
                0x7e05c660       0x10
 .text.sAPI_GpioGetValue
                0x7e05c660       0x10 ../../sc_lib/A7682S_LNXV_1602_V801_OPENSDK_REPLICANT_ENORLFSV2_CUSAUDIO/lib/libsc_lib.a(api_map.c.obj)
                0x7e05c660                sAPI_GpioGetValue

.text.sAPI_GpioSetValue
                0x7e05c670       0x10
 .text.sAPI_GpioSetValue
                0x7e05c670       0x10 ../../sc_lib/A7682S_LNXV_1602_V801_OPENSDK_REPLICANT_ENORLFSV2_CUSAUDIO/lib/libsc_lib.a(api_map.c.obj)
                0x7e05c670                sAPI_GpioSetValue

.text.sAPI_PWMConfig
                0x7e05c680       0x20
 .text.sAPI_PWMConfig
                0x7e05c680       0x20 ../../sc_lib/A7682S_LNXV_1602_V801_OPENSDK_REPLICANT_ENORLFSV2_CUSAUDIO/lib/libsc_lib.a(api_map.c.obj)
                0x7e05c680                sAPI_PWMConfig

.text.sAPI_SystemAlarmClock2Wakeup
                0x7e05c6a0       0x10
 .text.sAPI_SystemAlarmClock2Wakeup
                0x7e05c6a0       0x10 ../../sc_lib/A7682S_LNXV_1602_V801_OPENSDK_REPLICANT_ENORLFSV2_CUSAUDIO/lib/libsc_lib.a(api_map.c.obj)
                0x7e05c6a0                sAPI_SystemAlarmClock2Wakeup

.text.sAPI_SystemSleepExSet
                0x7e05c6b0       0x10
 .text.sAPI_SystemSleepExSet
                0x7e05c6b0       0x10 ../../sc_lib/A7682S_LNXV_1602_V801_OPENSDK_REPLICANT_ENORLFSV2_CUSAUDIO/lib/libsc_lib.a(api_map.c.obj)
                0x7e05c6b0                sAPI_SystemSleepExSet

.text.sAPI_SystemSleepGet
                0x7e05c6c0       0x10
 .text.sAPI_SystemSleepGet
                0x7e05c6c0       0x10 ../../sc_lib/A7682S_LNXV_1602_V801_OPENSDK_REPLICANT_ENORLFSV2_CUSAUDIO/lib/libsc_lib.a(api_map.c.obj)
                0x7e05c6c0                sAPI_SystemSleepGet

.text.sAPI_SystemSleepSet
                0x7e05c6d0       0x10
 .text.sAPI_SystemSleepSet
                0x7e05c6d0       0x10 ../../sc_lib/A7682S_LNXV_1602_V801_OPENSDK_REPLICANT_ENORLFSV2_CUSAUDIO/lib/libsc_lib.a(api_map.c.obj)
                0x7e05c6d0                sAPI_SystemSleepSet

.text.sAPI_PSMSetT3324Timer
                0x7e05c6e0       0x10
 .text.sAPI_PSMSetT3324Timer
                0x7e05c6e0       0x10 ../../sc_lib/A7682S_LNXV_1602_V801_OPENSDK_REPLICANT_ENORLFSV2_CUSAUDIO/lib/libsc_lib.a(api_map.c.obj)
                0x7e05c6e0                sAPI_PSMSetT3324Timer

.text.sAPI_PSMSetT3412Timer
                0x7e05c6f0       0x10
 .text.sAPI_PSMSetT3412Timer
                0x7e05c6f0       0x10 ../../sc_lib/A7682S_LNXV_1602_V801_OPENSDK_REPLICANT_ENORLFSV2_CUSAUDIO/lib/libsc_lib.a(api_map.c.obj)
                0x7e05c6f0                sAPI_PSMSetT3412Timer

.text.sAPI_EnableHardWarePSM
                0x7e05c700       0x10
 .text.sAPI_EnableHardWarePSM
                0x7e05c700       0x10 ../../sc_lib/A7682S_LNXV_1602_V801_OPENSDK_REPLICANT_ENORLFSV2_CUSAUDIO/lib/libsc_lib.a(api_map.c.obj)
                0x7e05c700                sAPI_EnableHardWarePSM

.text.sAPI_EnableOneBis
                0x7e05c710       0x10
 .text.sAPI_EnableOneBis
                0x7e05c710       0x10 ../../sc_lib/A7682S_LNXV_1602_V801_OPENSDK_REPLICANT_ENORLFSV2_CUSAUDIO/lib/libsc_lib.a(api_map.c.obj)
                0x7e05c710                sAPI_EnableOneBis

.text.sAPI_NetworkSetCnetcon
                0x7e05c720       0x10
 .text.sAPI_NetworkSetCnetcon
                0x7e05c720       0x10 ../../sc_lib/A7682S_LNXV_1602_V801_OPENSDK_REPLICANT_ENORLFSV2_CUSAUDIO/lib/libsc_lib.a(api_map.c.obj)
                0x7e05c720                sAPI_NetworkSetCnetcon

.text.sAPI_NetworkGetCnetcon
                0x7e05c730       0x10
 .text.sAPI_NetworkGetCnetcon
                0x7e05c730       0x10 ../../sc_lib/A7682S_LNXV_1602_V801_OPENSDK_REPLICANT_ENORLFSV2_CUSAUDIO/lib/libsc_lib.a(api_map.c.obj)
                0x7e05c730                sAPI_NetworkGetCnetcon

.text.sAPI_NetworkSetCgauth
                0x7e05c740       0x10
 .text.sAPI_NetworkSetCgauth
                0x7e05c740       0x10 ../../sc_lib/A7682S_LNXV_1602_V801_OPENSDK_REPLICANT_ENORLFSV2_CUSAUDIO/lib/libsc_lib.a(api_map.c.obj)
                0x7e05c740                sAPI_NetworkSetCgauth

.text.sAPI_NetworkGetCgauth
                0x7e05c750       0x10
 .text.sAPI_NetworkGetCgauth
                0x7e05c750       0x10 ../../sc_lib/A7682S_LNXV_1602_V801_OPENSDK_REPLICANT_ENORLFSV2_CUSAUDIO/lib/libsc_lib.a(api_map.c.obj)
                0x7e05c750                sAPI_NetworkGetCgauth

.text.sAPI_NetworkGetCnetci
                0x7e05c760       0x10
 .text.sAPI_NetworkGetCnetci
                0x7e05c760       0x10 ../../sc_lib/A7682S_LNXV_1602_V801_OPENSDK_REPLICANT_ENORLFSV2_CUSAUDIO/lib/libsc_lib.a(api_map.c.obj)
                0x7e05c760                sAPI_NetworkGetCnetci

.text.sAPI_NetworkGetCgpaddr
                0x7e05c770       0x10
 .text.sAPI_NetworkGetCgpaddr
                0x7e05c770       0x10 ../../sc_lib/A7682S_LNXV_1602_V801_OPENSDK_REPLICANT_ENORLFSV2_CUSAUDIO/lib/libsc_lib.a(api_map.c.obj)
                0x7e05c770                sAPI_NetworkGetCgpaddr

.text.sAPI_NetworkGetRealTime
                0x7e05c780       0x10
 .text.sAPI_NetworkGetRealTime
                0x7e05c780       0x10 ../../sc_lib/A7682S_LNXV_1602_V801_OPENSDK_REPLICANT_ENORLFSV2_CUSAUDIO/lib/libsc_lib.a(api_map.c.obj)
                0x7e05c780                sAPI_NetworkGetRealTime

.text.sAPI_NetworkGetCtzu
                0x7e05c790       0x10
 .text.sAPI_NetworkGetCtzu
                0x7e05c790       0x10 ../../sc_lib/A7682S_LNXV_1602_V801_OPENSDK_REPLICANT_ENORLFSV2_CUSAUDIO/lib/libsc_lib.a(api_map.c.obj)
                0x7e05c790                sAPI_NetworkGetCtzu

.text.sAPI_NetworkSetCtzu
                0x7e05c7a0       0x10
 .text.sAPI_NetworkSetCtzu
                0x7e05c7a0       0x10 ../../sc_lib/A7682S_LNXV_1602_V801_OPENSDK_REPLICANT_ENORLFSV2_CUSAUDIO/lib/libsc_lib.a(api_map.c.obj)
                0x7e05c7a0                sAPI_NetworkSetCtzu

.text.sAPI_NetworkGetCfun
                0x7e05c7b0       0x10
 .text.sAPI_NetworkGetCfun
                0x7e05c7b0       0x10 ../../sc_lib/A7682S_LNXV_1602_V801_OPENSDK_REPLICANT_ENORLFSV2_CUSAUDIO/lib/libsc_lib.a(api_map.c.obj)
                0x7e05c7b0                sAPI_NetworkGetCfun

.text.sAPI_NetworkSetCfun
                0x7e05c7c0       0x10
 .text.sAPI_NetworkSetCfun
                0x7e05c7c0       0x10 ../../sc_lib/A7682S_LNXV_1602_V801_OPENSDK_REPLICANT_ENORLFSV2_CUSAUDIO/lib/libsc_lib.a(api_map.c.obj)
                0x7e05c7c0                sAPI_NetworkSetCfun

.text.sAPI_NetworkSetCgatt
                0x7e05c7d0       0x10
 .text.sAPI_NetworkSetCgatt
                0x7e05c7d0       0x10 ../../sc_lib/A7682S_LNXV_1602_V801_OPENSDK_REPLICANT_ENORLFSV2_CUSAUDIO/lib/libsc_lib.a(api_map.c.obj)
                0x7e05c7d0                sAPI_NetworkSetCgatt

.text.sAPI_NetworkGetCgatt
                0x7e05c7e0       0x10
 .text.sAPI_NetworkGetCgatt
                0x7e05c7e0       0x10 ../../sc_lib/A7682S_LNXV_1602_V801_OPENSDK_REPLICANT_ENORLFSV2_CUSAUDIO/lib/libsc_lib.a(api_map.c.obj)
                0x7e05c7e0                sAPI_NetworkGetCgatt

.text.sAPI_NetworkSetCgact
                0x7e05c7f0       0x10
 .text.sAPI_NetworkSetCgact
                0x7e05c7f0       0x10 ../../sc_lib/A7682S_LNXV_1602_V801_OPENSDK_REPLICANT_ENORLFSV2_CUSAUDIO/lib/libsc_lib.a(api_map.c.obj)
                0x7e05c7f0                sAPI_NetworkSetCgact

.text.sAPI_NetworkGetCgact
                0x7e05c800       0x10
 .text.sAPI_NetworkGetCgact
                0x7e05c800       0x10 ../../sc_lib/A7682S_LNXV_1602_V801_OPENSDK_REPLICANT_ENORLFSV2_CUSAUDIO/lib/libsc_lib.a(api_map.c.obj)
                0x7e05c800                sAPI_NetworkGetCgact

.text.sAPI_NetworkGetDNSAddr
                0x7e05c810       0x10
 .text.sAPI_NetworkGetDNSAddr
                0x7e05c810       0x10 ../../sc_lib/A7682S_LNXV_1602_V801_OPENSDK_REPLICANT_ENORLFSV2_CUSAUDIO/lib/libsc_lib.a(api_map.c.obj)
                0x7e05c810                sAPI_NetworkGetDNSAddr

.text.sAPI_NetworkSetCgdcont
                0x7e05c820       0x10
 .text.sAPI_NetworkSetCgdcont
                0x7e05c820       0x10 ../../sc_lib/A7682S_LNXV_1602_V801_OPENSDK_REPLICANT_ENORLFSV2_CUSAUDIO/lib/libsc_lib.a(api_map.c.obj)
                0x7e05c820                sAPI_NetworkSetCgdcont

.text.sAPI_NetworkGetCgdcont
                0x7e05c830       0x10
 .text.sAPI_NetworkGetCgdcont
                0x7e05c830       0x10 ../../sc_lib/A7682S_LNXV_1602_V801_OPENSDK_REPLICANT_ENORLFSV2_CUSAUDIO/lib/libsc_lib.a(api_map.c.obj)
                0x7e05c830                sAPI_NetworkGetCgdcont

.text.sAPI_NetworkSetCops
                0x7e05c840       0x18
 .text.sAPI_NetworkSetCops
                0x7e05c840       0x18 ../../sc_lib/A7682S_LNXV_1602_V801_OPENSDK_REPLICANT_ENORLFSV2_CUSAUDIO/lib/libsc_lib.a(api_map.c.obj)
                0x7e05c840                sAPI_NetworkSetCops

.text.sAPI_NetworkGetCops
                0x7e05c858       0x10
 .text.sAPI_NetworkGetCops
                0x7e05c858       0x10 ../../sc_lib/A7682S_LNXV_1602_V801_OPENSDK_REPLICANT_ENORLFSV2_CUSAUDIO/lib/libsc_lib.a(api_map.c.obj)
                0x7e05c858                sAPI_NetworkGetCops

.text.sAPI_NetworkSetCnmp
                0x7e05c868       0x10
 .text.sAPI_NetworkSetCnmp
                0x7e05c868       0x10 ../../sc_lib/A7682S_LNXV_1602_V801_OPENSDK_REPLICANT_ENORLFSV2_CUSAUDIO/lib/libsc_lib.a(api_map.c.obj)
                0x7e05c868                sAPI_NetworkSetCnmp

.text.sAPI_NetworkGetCnmp
                0x7e05c878       0x10
 .text.sAPI_NetworkGetCnmp
                0x7e05c878       0x10 ../../sc_lib/A7682S_LNXV_1602_V801_OPENSDK_REPLICANT_ENORLFSV2_CUSAUDIO/lib/libsc_lib.a(api_map.c.obj)
                0x7e05c878                sAPI_NetworkGetCnmp

.text.sAPI_NetworkGetCgreg
                0x7e05c888       0x10
 .text.sAPI_NetworkGetCgreg
                0x7e05c888       0x10 ../../sc_lib/A7682S_LNXV_1602_V801_OPENSDK_REPLICANT_ENORLFSV2_CUSAUDIO/lib/libsc_lib.a(api_map.c.obj)
                0x7e05c888                sAPI_NetworkGetCgreg

.text.sAPI_NetworkGetCpsi
                0x7e05c898       0x10
 .text.sAPI_NetworkGetCpsi
                0x7e05c898       0x10 ../../sc_lib/A7682S_LNXV_1602_V801_OPENSDK_REPLICANT_ENORLFSV2_CUSAUDIO/lib/libsc_lib.a(api_map.c.obj)
                0x7e05c898                sAPI_NetworkGetCpsi

.text.sAPI_NetworkGetCreg
                0x7e05c8a8       0x10
 .text.sAPI_NetworkGetCreg
                0x7e05c8a8       0x10 ../../sc_lib/A7682S_LNXV_1602_V801_OPENSDK_REPLICANT_ENORLFSV2_CUSAUDIO/lib/libsc_lib.a(api_map.c.obj)
                0x7e05c8a8                sAPI_NetworkGetCreg

.text.sAPI_NetworkGetCsq
                0x7e05c8b8       0x10
 .text.sAPI_NetworkGetCsq
                0x7e05c8b8       0x10 ../../sc_lib/A7682S_LNXV_1602_V801_OPENSDK_REPLICANT_ENORLFSV2_CUSAUDIO/lib/libsc_lib.a(api_map.c.obj)
                0x7e05c8b8                sAPI_NetworkGetCsq

.text.sAPI_NetworkInit
                0x7e05c8c8       0x10
 .text.sAPI_NetworkInit
                0x7e05c8c8       0x10 ../../sc_lib/A7682S_LNXV_1602_V801_OPENSDK_REPLICANT_ENORLFSV2_CUSAUDIO/lib/libsc_lib.a(api_map.c.obj)
                0x7e05c8c8                sAPI_NetworkInit

.text.sAPI_UartRs485DePinAssignEx
                0x7e05c8d8       0x10
 .text.sAPI_UartRs485DePinAssignEx
                0x7e05c8d8       0x10 ../../sc_lib/A7682S_LNXV_1602_V801_OPENSDK_REPLICANT_ENORLFSV2_CUSAUDIO/lib/libsc_lib.a(api_map.c.obj)
                0x7e05c8d8                sAPI_UartRs485DePinAssignEx

.text.sAPI_UartRxStatus
                0x7e05c8e8       0x10
 .text.sAPI_UartRxStatus
                0x7e05c8e8       0x10 ../../sc_lib/A7682S_LNXV_1602_V801_OPENSDK_REPLICANT_ENORLFSV2_CUSAUDIO/lib/libsc_lib.a(api_map.c.obj)
                0x7e05c8e8                sAPI_UartRxStatus

.text.sAPI_SendATCMDWaitResp
                0x7e05c8f8       0x18
 .text.sAPI_SendATCMDWaitResp
                0x7e05c8f8       0x18 ../../sc_lib/A7682S_LNXV_1602_V801_OPENSDK_REPLICANT_ENORLFSV2_CUSAUDIO/lib/libsc_lib.a(api_map.c.obj)
                0x7e05c8f8                sAPI_SendATCMDWaitResp

.text.sAPI_UartControl
                0x7e05c910       0x10
 .text.sAPI_UartControl
                0x7e05c910       0x10 ../../sc_lib/A7682S_LNXV_1602_V801_OPENSDK_REPLICANT_ENORLFSV2_CUSAUDIO/lib/libsc_lib.a(api_map.c.obj)
                0x7e05c910                sAPI_UartControl

.text.sAPI_UartRegisterCallback
                0x7e05c920       0x10
 .text.sAPI_UartRegisterCallback
                0x7e05c920       0x10 ../../sc_lib/A7682S_LNXV_1602_V801_OPENSDK_REPLICANT_ENORLFSV2_CUSAUDIO/lib/libsc_lib.a(api_map.c.obj)
                0x7e05c920                sAPI_UartRegisterCallback

.text.sAPI_UartRegisterCallbackEX
                0x7e05c930       0x10
 .text.sAPI_UartRegisterCallbackEX
                0x7e05c930       0x10 ../../sc_lib/A7682S_LNXV_1602_V801_OPENSDK_REPLICANT_ENORLFSV2_CUSAUDIO/lib/libsc_lib.a(api_map.c.obj)
                0x7e05c930                sAPI_UartRegisterCallbackEX

.text.sAPI_UartRead
                0x7e05c940       0x10
 .text.sAPI_UartRead
                0x7e05c940       0x10 ../../sc_lib/A7682S_LNXV_1602_V801_OPENSDK_REPLICANT_ENORLFSV2_CUSAUDIO/lib/libsc_lib.a(api_map.c.obj)
                0x7e05c940                sAPI_UartRead

.text.sAPI_UartGetConfig
                0x7e05c950       0x10
 .text.sAPI_UartGetConfig
                0x7e05c950       0x10 ../../sc_lib/A7682S_LNXV_1602_V801_OPENSDK_REPLICANT_ENORLFSV2_CUSAUDIO/lib/libsc_lib.a(api_map.c.obj)
                0x7e05c950                sAPI_UartGetConfig

.text.sAPI_UartSetConfig
                0x7e05c960       0x10
 .text.sAPI_UartSetConfig
                0x7e05c960       0x10 ../../sc_lib/A7682S_LNXV_1602_V801_OPENSDK_REPLICANT_ENORLFSV2_CUSAUDIO/lib/libsc_lib.a(api_map.c.obj)
                0x7e05c960                sAPI_UartSetConfig

.text.sAPI_UartWriteString
                0x7e05c970       0x10
 .text.sAPI_UartWriteString
                0x7e05c970       0x10 ../../sc_lib/A7682S_LNXV_1602_V801_OPENSDK_REPLICANT_ENORLFSV2_CUSAUDIO/lib/libsc_lib.a(api_map.c.obj)
                0x7e05c970                sAPI_UartWriteString

.text.sAPI_UartWrite
                0x7e05c980       0x10
 .text.sAPI_UartWrite
                0x7e05c980       0x10 ../../sc_lib/A7682S_LNXV_1602_V801_OPENSDK_REPLICANT_ENORLFSV2_CUSAUDIO/lib/libsc_lib.a(api_map.c.obj)
                0x7e05c980                sAPI_UartWrite

.text.sAPI_TcpipGetSocketPdpAddr
                0x7e05c990       0x10
 .text.sAPI_TcpipGetSocketPdpAddr
                0x7e05c990       0x10 ../../sc_lib/A7682S_LNXV_1602_V801_OPENSDK_REPLICANT_ENORLFSV2_CUSAUDIO/lib/libsc_lib.a(api_map.c.obj)
                0x7e05c990                sAPI_TcpipGetSocketPdpAddr

.text.sAPI_TcpipPdpDeactive
                0x7e05c9a0       0x10
 .text.sAPI_TcpipPdpDeactive
                0x7e05c9a0       0x10 ../../sc_lib/A7682S_LNXV_1602_V801_OPENSDK_REPLICANT_ENORLFSV2_CUSAUDIO/lib/libsc_lib.a(api_map.c.obj)
                0x7e05c9a0                sAPI_TcpipPdpDeactive

.text.sAPI_TcpipPdpActive
                0x7e05c9b0       0x10
 .text.sAPI_TcpipPdpActive
                0x7e05c9b0       0x10 ../../sc_lib/A7682S_LNXV_1602_V801_OPENSDK_REPLICANT_ENORLFSV2_CUSAUDIO/lib/libsc_lib.a(api_map.c.obj)
                0x7e05c9b0                sAPI_TcpipPdpActive

.text.sc_Set_URCtask_flag
                0x7e05c9c0       0x10
 .text.sc_Set_URCtask_flag
                0x7e05c9c0       0x10 ../../sc_lib/A7682S_LNXV_1602_V801_OPENSDK_REPLICANT_ENORLFSV2_CUSAUDIO/lib/libsc_lib.a(api_map.c.obj)
                0x7e05c9c0                sc_Set_URCtask_flag

.text.sAPI_StkService
                0x7e05c9d0       0x10
 .text.sAPI_StkService
                0x7e05c9d0       0x10 ../../sc_lib/A7682S_LNXV_1602_V801_OPENSDK_REPLICANT_ENORLFSV2_CUSAUDIO/lib/libsc_lib.a(api_map.c.obj)
                0x7e05c9d0                sAPI_StkService

.text.sAPI_SysGetSubscriber
                0x7e05c9e0       0x10
 .text.sAPI_SysGetSubscriber
                0x7e05c9e0       0x10 ../../sc_lib/A7682S_LNXV_1602_V801_OPENSDK_REPLICANT_ENORLFSV2_CUSAUDIO/lib/libsc_lib.a(api_map.c.obj)
                0x7e05c9e0                sAPI_SysGetSubscriber

.text.sAPI_SimLockSet
                0x7e05c9f0       0x10
 .text.sAPI_SimLockSet
                0x7e05c9f0       0x10 ../../sc_lib/A7682S_LNXV_1602_V801_OPENSDK_REPLICANT_ENORLFSV2_CUSAUDIO/lib/libsc_lib.a(api_map.c.obj)
                0x7e05c9f0                sAPI_SimLockSet

.text.sAPI_SimGenericAccess
                0x7e05ca00       0x10
 .text.sAPI_SimGenericAccess
                0x7e05ca00       0x10 ../../sc_lib/A7682S_LNXV_1602_V801_OPENSDK_REPLICANT_ENORLFSV2_CUSAUDIO/lib/libsc_lib.a(api_map.c.obj)
                0x7e05ca00                sAPI_SimGenericAccess

.text.sAPI_SimRestrictedAccess
                0x7e05ca10       0x18
 .text.sAPI_SimRestrictedAccess
                0x7e05ca10       0x18 ../../sc_lib/A7682S_LNXV_1602_V801_OPENSDK_REPLICANT_ENORLFSV2_CUSAUDIO/lib/libsc_lib.a(api_map.c.obj)
                0x7e05ca10                sAPI_SimRestrictedAccess

.text.sAPI_SysGetHplmn
                0x7e05ca28       0x10
 .text.sAPI_SysGetHplmn
                0x7e05ca28       0x10 ../../sc_lib/A7682S_LNXV_1602_V801_OPENSDK_REPLICANT_ENORLFSV2_CUSAUDIO/lib/libsc_lib.a(api_map.c.obj)
                0x7e05ca28                sAPI_SysGetHplmn

.text.sAPI_SysGetImsi
                0x7e05ca38       0x10
 .text.sAPI_SysGetImsi
                0x7e05ca38       0x10 ../../sc_lib/A7682S_LNXV_1602_V801_OPENSDK_REPLICANT_ENORLFSV2_CUSAUDIO/lib/libsc_lib.a(api_map.c.obj)
                0x7e05ca38                sAPI_SysGetImsi

.text.sAPI_SysGetIccid
                0x7e05ca48       0x10
 .text.sAPI_SysGetIccid
                0x7e05ca48       0x10 ../../sc_lib/A7682S_LNXV_1602_V801_OPENSDK_REPLICANT_ENORLFSV2_CUSAUDIO/lib/libsc_lib.a(api_map.c.obj)
                0x7e05ca48                sAPI_SysGetIccid

.text.sAPI_SimcardPinGet
                0x7e05ca58       0x10
 .text.sAPI_SimcardPinGet
                0x7e05ca58       0x10 ../../sc_lib/A7682S_LNXV_1602_V801_OPENSDK_REPLICANT_ENORLFSV2_CUSAUDIO/lib/libsc_lib.a(api_map.c.obj)
                0x7e05ca58                sAPI_SimcardPinGet

.text.sAPI_SimcardPinSet
                0x7e05ca68       0x10
 .text.sAPI_SimcardPinSet
                0x7e05ca68       0x10 ../../sc_lib/A7682S_LNXV_1602_V801_OPENSDK_REPLICANT_ENORLFSV2_CUSAUDIO/lib/libsc_lib.a(api_map.c.obj)
                0x7e05ca68                sAPI_SimcardPinSet

.text.sAPI_SimcardHotSwapMsg
                0x7e05ca78       0x10
 .text.sAPI_SimcardHotSwapMsg
                0x7e05ca78       0x10 ../../sc_lib/A7682S_LNXV_1602_V801_OPENSDK_REPLICANT_ENORLFSV2_CUSAUDIO/lib/libsc_lib.a(api_map.c.obj)
                0x7e05ca78                sAPI_SimcardHotSwapMsg

.text.inet_ntop
                0x7e05ca88       0x18
 .text.inet_ntop
                0x7e05ca88       0x18 ../../sc_lib/A7682S_LNXV_1602_V801_OPENSDK_REPLICANT_ENORLFSV2_CUSAUDIO/lib/libsc_lib.a(api_map.c.obj)
                0x7e05ca88                inet_ntop

.text.inet_ntoa
                0x7e05caa0       0x10
 .text.inet_ntoa
                0x7e05caa0       0x10 ../../sc_lib/A7682S_LNXV_1602_V801_OPENSDK_REPLICANT_ENORLFSV2_CUSAUDIO/lib/libsc_lib.a(api_map.c.obj)
                0x7e05caa0                inet_ntoa

.text.lwip_freeaddrinfo
                0x7e05cab0       0x10
 .text.lwip_freeaddrinfo
                0x7e05cab0       0x10 ../../sc_lib/A7682S_LNXV_1602_V801_OPENSDK_REPLICANT_ENORLFSV2_CUSAUDIO/lib/libsc_lib.a(api_map.c.obj)
                0x7e05cab0                lwip_freeaddrinfo

.text.lwip_getaddrinfo
                0x7e05cac0       0x18
 .text.lwip_getaddrinfo
                0x7e05cac0       0x18 ../../sc_lib/A7682S_LNXV_1602_V801_OPENSDK_REPLICANT_ENORLFSV2_CUSAUDIO/lib/libsc_lib.a(api_map.c.obj)
                0x7e05cac0                lwip_getaddrinfo

.text.lwip_gethostbyname
                0x7e05cad8       0x10
 .text.lwip_gethostbyname
                0x7e05cad8       0x10 ../../sc_lib/A7682S_LNXV_1602_V801_OPENSDK_REPLICANT_ENORLFSV2_CUSAUDIO/lib/libsc_lib.a(api_map.c.obj)
                0x7e05cad8                lwip_gethostbyname

.text.lwip_getsockerrno
                0x7e05cae8       0x10
 .text.lwip_getsockerrno
                0x7e05cae8       0x10 ../../sc_lib/A7682S_LNXV_1602_V801_OPENSDK_REPLICANT_ENORLFSV2_CUSAUDIO/lib/libsc_lib.a(api_map.c.obj)
                0x7e05cae8                lwip_getsockerrno

.text.lwip_setsockopt
                0x7e05caf8       0x18
 .text.lwip_setsockopt
                0x7e05caf8       0x18 ../../sc_lib/A7682S_LNXV_1602_V801_OPENSDK_REPLICANT_ENORLFSV2_CUSAUDIO/lib/libsc_lib.a(api_map.c.obj)
                0x7e05caf8                lwip_setsockopt

.text.lwip_close
                0x7e05cb10       0x10
 .text.lwip_close
                0x7e05cb10       0x10 ../../sc_lib/A7682S_LNXV_1602_V801_OPENSDK_REPLICANT_ENORLFSV2_CUSAUDIO/lib/libsc_lib.a(api_map.c.obj)
                0x7e05cb10                lwip_close

.text.lwip_sendto
                0x7e05cb20       0x18
 .text.lwip_sendto
                0x7e05cb20       0x18 ../../sc_lib/A7682S_LNXV_1602_V801_OPENSDK_REPLICANT_ENORLFSV2_CUSAUDIO/lib/libsc_lib.a(api_map.c.obj)
                0x7e05cb20                lwip_sendto

.text.lwip_send
                0x7e05cb38       0x18
 .text.lwip_send
                0x7e05cb38       0x18 ../../sc_lib/A7682S_LNXV_1602_V801_OPENSDK_REPLICANT_ENORLFSV2_CUSAUDIO/lib/libsc_lib.a(api_map.c.obj)
                0x7e05cb38                lwip_send

.text.lwip_recvfrom
                0x7e05cb50       0x18
 .text.lwip_recvfrom
                0x7e05cb50       0x18 ../../sc_lib/A7682S_LNXV_1602_V801_OPENSDK_REPLICANT_ENORLFSV2_CUSAUDIO/lib/libsc_lib.a(api_map.c.obj)
                0x7e05cb50                lwip_recvfrom

.text.lwip_recv
                0x7e05cb68       0x18
 .text.lwip_recv
                0x7e05cb68       0x18 ../../sc_lib/A7682S_LNXV_1602_V801_OPENSDK_REPLICANT_ENORLFSV2_CUSAUDIO/lib/libsc_lib.a(api_map.c.obj)
                0x7e05cb68                lwip_recv

.text.lwip_select
                0x7e05cb80       0x18
 .text.lwip_select
                0x7e05cb80       0x18 ../../sc_lib/A7682S_LNXV_1602_V801_OPENSDK_REPLICANT_ENORLFSV2_CUSAUDIO/lib/libsc_lib.a(api_map.c.obj)
                0x7e05cb80                lwip_select

.text.lwip_accept
                0x7e05cb98       0x10
 .text.lwip_accept
                0x7e05cb98       0x10 ../../sc_lib/A7682S_LNXV_1602_V801_OPENSDK_REPLICANT_ENORLFSV2_CUSAUDIO/lib/libsc_lib.a(api_map.c.obj)
                0x7e05cb98                lwip_accept

.text.lwip_listen
                0x7e05cba8       0x10
 .text.lwip_listen
                0x7e05cba8       0x10 ../../sc_lib/A7682S_LNXV_1602_V801_OPENSDK_REPLICANT_ENORLFSV2_CUSAUDIO/lib/libsc_lib.a(api_map.c.obj)
                0x7e05cba8                lwip_listen

.text.lwip_connect
                0x7e05cbb8       0x10
 .text.lwip_connect
                0x7e05cbb8       0x10 ../../sc_lib/A7682S_LNXV_1602_V801_OPENSDK_REPLICANT_ENORLFSV2_CUSAUDIO/lib/libsc_lib.a(api_map.c.obj)
                0x7e05cbb8                lwip_connect

.text.lwip_bind
                0x7e05cbc8       0x10
 .text.lwip_bind
                0x7e05cbc8       0x10 ../../sc_lib/A7682S_LNXV_1602_V801_OPENSDK_REPLICANT_ENORLFSV2_CUSAUDIO/lib/libsc_lib.a(api_map.c.obj)
                0x7e05cbc8                lwip_bind

.text.lwip_socket
                0x7e05cbd8       0x10
 .text.lwip_socket
                0x7e05cbd8       0x10 ../../sc_lib/A7682S_LNXV_1602_V801_OPENSDK_REPLICANT_ENORLFSV2_CUSAUDIO/lib/libsc_lib.a(api_map.c.obj)
                0x7e05cbd8                lwip_socket

.text.sAPI_GetResetKeyStatus
                0x7e05cbe8       0x10
 .text.sAPI_GetResetKeyStatus
                0x7e05cbe8       0x10 ../../sc_lib/A7682S_LNXV_1602_V801_OPENSDK_REPLICANT_ENORLFSV2_CUSAUDIO/lib/libsc_lib.a(api_map.c.obj)
                0x7e05cbe8                sAPI_GetResetKeyStatus

.text.sAPI_SetPowerKeyOffFunc
                0x7e05cbf8       0x10
 .text.sAPI_SetPowerKeyOffFunc
                0x7e05cbf8       0x10 ../../sc_lib/A7682S_LNXV_1602_V801_OPENSDK_REPLICANT_ENORLFSV2_CUSAUDIO/lib/libsc_lib.a(api_map.c.obj)
                0x7e05cbf8                sAPI_SetPowerKeyOffFunc

.text.sAPI_GetPowerKeyStatus
                0x7e05cc08       0x10
 .text.sAPI_GetPowerKeyStatus
                0x7e05cc08       0x10 ../../sc_lib/A7682S_LNXV_1602_V801_OPENSDK_REPLICANT_ENORLFSV2_CUSAUDIO/lib/libsc_lib.a(api_map.c.obj)
                0x7e05cc08                sAPI_GetPowerKeyStatus

.text.sAPI_GetPowerDownEvent
                0x7e05cc18       0x10
 .text.sAPI_GetPowerDownEvent
                0x7e05cc18       0x10 ../../sc_lib/A7682S_LNXV_1602_V801_OPENSDK_REPLICANT_ENORLFSV2_CUSAUDIO/lib/libsc_lib.a(api_map.c.obj)
                0x7e05cc18                sAPI_GetPowerDownEvent

.text.sAPI_GetPowerUpEvent
                0x7e05cc28       0x10
 .text.sAPI_GetPowerUpEvent
                0x7e05cc28       0x10 ../../sc_lib/A7682S_LNXV_1602_V801_OPENSDK_REPLICANT_ENORLFSV2_CUSAUDIO/lib/libsc_lib.a(api_map.c.obj)
                0x7e05cc28                sAPI_GetPowerUpEvent

.text.sAPI_SetVddAux
                0x7e05cc38       0x10
 .text.sAPI_SetVddAux
                0x7e05cc38       0x10 ../../sc_lib/A7682S_LNXV_1602_V801_OPENSDK_REPLICANT_ENORLFSV2_CUSAUDIO/lib/libsc_lib.a(api_map.c.obj)
                0x7e05cc38                sAPI_SetVddAux

.text.sAPI_SysReset
                0x7e05cc48       0x10
 .text.sAPI_SysReset
                0x7e05cc48       0x10 ../../sc_lib/A7682S_LNXV_1602_V801_OPENSDK_REPLICANT_ENORLFSV2_CUSAUDIO/lib/libsc_lib.a(api_map.c.obj)
                0x7e05cc48                sAPI_SysReset

.text.sAPI_SysPowerOff
                0x7e05cc58       0x10
 .text.sAPI_SysPowerOff
                0x7e05cc58       0x10 ../../sc_lib/A7682S_LNXV_1602_V801_OPENSDK_REPLICANT_ENORLFSV2_CUSAUDIO/lib/libsc_lib.a(api_map.c.obj)
                0x7e05cc58                sAPI_SysPowerOff

.text.sAPI_ReadVbat
                0x7e05cc68       0x10
 .text.sAPI_ReadVbat
                0x7e05cc68       0x10 ../../sc_lib/A7682S_LNXV_1602_V801_OPENSDK_REPLICANT_ENORLFSV2_CUSAUDIO/lib/libsc_lib.a(api_map.c.obj)
                0x7e05cc68                sAPI_ReadVbat

.text.sAPI_ReadAdc
                0x7e05cc78       0x10
 .text.sAPI_ReadAdc
                0x7e05cc78       0x10 ../../sc_lib/A7682S_LNXV_1602_V801_OPENSDK_REPLICANT_ENORLFSV2_CUSAUDIO/lib/libsc_lib.a(api_map.c.obj)
                0x7e05cc78                sAPI_ReadAdc

.text.sAPI_UsbVcomRegisterCallbackEX
                0x7e05cc88       0x10
 .text.sAPI_UsbVcomRegisterCallbackEX
                0x7e05cc88       0x10 ../../sc_lib/A7682S_LNXV_1602_V801_OPENSDK_REPLICANT_ENORLFSV2_CUSAUDIO/lib/libsc_lib.a(api_map.c.obj)
                0x7e05cc88                sAPI_UsbVcomRegisterCallbackEX

.text.sAPI_UsbVcomRead
                0x7e05cc98       0x10
 .text.sAPI_UsbVcomRead
                0x7e05cc98       0x10 ../../sc_lib/A7682S_LNXV_1602_V801_OPENSDK_REPLICANT_ENORLFSV2_CUSAUDIO/lib/libsc_lib.a(api_map.c.obj)
                0x7e05cc98                sAPI_UsbVcomRead

.text.sAPI_UsbVcomWrite
                0x7e05cca8       0x10
 .text.sAPI_UsbVcomWrite
                0x7e05cca8       0x10 ../../sc_lib/A7682S_LNXV_1602_V801_OPENSDK_REPLICANT_ENORLFSV2_CUSAUDIO/lib/libsc_lib.a(api_map.c.obj)
                0x7e05cca8                sAPI_UsbVcomWrite

.text.sAPI_UsbVbusDetect
                0x7e05ccb8       0x10
 .text.sAPI_UsbVbusDetect
                0x7e05ccb8       0x10 ../../sc_lib/A7682S_LNXV_1602_V801_OPENSDK_REPLICANT_ENORLFSV2_CUSAUDIO/lib/libsc_lib.a(api_map.c.obj)
                0x7e05ccb8                sAPI_UsbVbusDetect

.text.sAPI_UrcRefRegister
                0x7e05ccc8       0x10
 .text.sAPI_UrcRefRegister
                0x7e05ccc8       0x10 ../../sc_lib/A7682S_LNXV_1602_V801_OPENSDK_REPLICANT_ENORLFSV2_CUSAUDIO/lib/libsc_lib.a(api_map.c.obj)
                0x7e05ccc8                sAPI_UrcRefRegister

.text.sAPI_enableDUMP
                0x7e05ccd8       0x10
 .text.sAPI_enableDUMP
                0x7e05ccd8       0x10 ../../sc_lib/A7682S_LNXV_1602_V801_OPENSDK_REPLICANT_ENORLFSV2_CUSAUDIO/lib/libsc_lib.a(api_map.c.obj)
                0x7e05ccd8                sAPI_enableDUMP

.text.sAPI_Debug
                0x7e05cce8       0x64
 .text.sAPI_Debug
                0x7e05cce8       0x64 ../../sc_lib/A7682S_LNXV_1602_V801_OPENSDK_REPLICANT_ENORLFSV2_CUSAUDIO/lib/libsc_lib.a(api_map.c.obj)
                0x7e05cce8                sAPI_Debug

.text.sAPI_DelayUs
                0x7e05cd4c       0x10
 .text.sAPI_DelayUs
                0x7e05cd4c       0x10 ../../sc_lib/A7682S_LNXV_1602_V801_OPENSDK_REPLICANT_ENORLFSV2_CUSAUDIO/lib/libsc_lib.a(api_map.c.obj)
                0x7e05cd4c                sAPI_DelayUs

.text.sAPI_FlagWait
                0x7e05cd5c       0x18
 .text.sAPI_FlagWait
                0x7e05cd5c       0x18 ../../sc_lib/A7682S_LNXV_1602_V801_OPENSDK_REPLICANT_ENORLFSV2_CUSAUDIO/lib/libsc_lib.a(api_map.c.obj)
                0x7e05cd5c                sAPI_FlagWait

.text.sAPI_FlagSet
                0x7e05cd74       0x10
 .text.sAPI_FlagSet
                0x7e05cd74       0x10 ../../sc_lib/A7682S_LNXV_1602_V801_OPENSDK_REPLICANT_ENORLFSV2_CUSAUDIO/lib/libsc_lib.a(api_map.c.obj)
                0x7e05cd74                sAPI_FlagSet

.text.sAPI_FlagDelete
                0x7e05cd84       0x10
 .text.sAPI_FlagDelete
                0x7e05cd84       0x10 ../../sc_lib/A7682S_LNXV_1602_V801_OPENSDK_REPLICANT_ENORLFSV2_CUSAUDIO/lib/libsc_lib.a(api_map.c.obj)
                0x7e05cd84                sAPI_FlagDelete

.text.sAPI_FlagCreate
                0x7e05cd94       0x10
 .text.sAPI_FlagCreate
                0x7e05cd94       0x10 ../../sc_lib/A7682S_LNXV_1602_V801_OPENSDK_REPLICANT_ENORLFSV2_CUSAUDIO/lib/libsc_lib.a(api_map.c.obj)
                0x7e05cd94                sAPI_FlagCreate

.text.sAPI_MutexUnLock
                0x7e05cda4       0x10
 .text.sAPI_MutexUnLock
                0x7e05cda4       0x10 ../../sc_lib/A7682S_LNXV_1602_V801_OPENSDK_REPLICANT_ENORLFSV2_CUSAUDIO/lib/libsc_lib.a(api_map.c.obj)
                0x7e05cda4                sAPI_MutexUnLock

.text.sAPI_MutexLock
                0x7e05cdb4       0x10
 .text.sAPI_MutexLock
                0x7e05cdb4       0x10 ../../sc_lib/A7682S_LNXV_1602_V801_OPENSDK_REPLICANT_ENORLFSV2_CUSAUDIO/lib/libsc_lib.a(api_map.c.obj)
                0x7e05cdb4                sAPI_MutexLock

.text.sAPI_MutexDelete
                0x7e05cdc4       0x10
 .text.sAPI_MutexDelete
                0x7e05cdc4       0x10 ../../sc_lib/A7682S_LNXV_1602_V801_OPENSDK_REPLICANT_ENORLFSV2_CUSAUDIO/lib/libsc_lib.a(api_map.c.obj)
                0x7e05cdc4                sAPI_MutexDelete

.text.sAPI_MutexCreate
                0x7e05cdd4       0x10
 .text.sAPI_MutexCreate
                0x7e05cdd4       0x10 ../../sc_lib/A7682S_LNXV_1602_V801_OPENSDK_REPLICANT_ENORLFSV2_CUSAUDIO/lib/libsc_lib.a(api_map.c.obj)
                0x7e05cdd4                sAPI_MutexCreate

.text.sAPI_MsgQRecv
                0x7e05cde4       0x10
 .text.sAPI_MsgQRecv
                0x7e05cde4       0x10 ../../sc_lib/A7682S_LNXV_1602_V801_OPENSDK_REPLICANT_ENORLFSV2_CUSAUDIO/lib/libsc_lib.a(api_map.c.obj)
                0x7e05cde4                sAPI_MsgQRecv

.text.sAPI_MsgQSend
                0x7e05cdf4       0x10
 .text.sAPI_MsgQSend
                0x7e05cdf4       0x10 ../../sc_lib/A7682S_LNXV_1602_V801_OPENSDK_REPLICANT_ENORLFSV2_CUSAUDIO/lib/libsc_lib.a(api_map.c.obj)
                0x7e05cdf4                sAPI_MsgQSend

.text.sAPI_MsgQDelete
                0x7e05ce04       0x10
 .text.sAPI_MsgQDelete